Archive member included to satisfy reference by file (symbol)

c:/program files (x86)/atollic/truestudio for stm32 9.3.0/armtools/bin/../lib/gcc/arm-atollic-eabi/6.3.1/../../../../arm-atollic-eabi/lib/armv7e-m/fpu\libc_nano.a(lib_a-errno.o)
                              Src\syscalls.o (__errno)
c:/program files (x86)/atollic/truestudio for stm32 9.3.0/armtools/bin/../lib/gcc/arm-atollic-eabi/6.3.1/../../../../arm-atollic-eabi/lib/armv7e-m/fpu\libc_nano.a(lib_a-impure.o)
                              c:/program files (x86)/atollic/truestudio for stm32 9.3.0/armtools/bin/../lib/gcc/arm-atollic-eabi/6.3.1/../../../../arm-atollic-eabi/lib/armv7e-m/fpu\libc_nano.a(lib_a-errno.o) (_impure_ptr)
c:/program files (x86)/atollic/truestudio for stm32 9.3.0/armtools/bin/../lib/gcc/arm-atollic-eabi/6.3.1/../../../../arm-atollic-eabi/lib/armv7e-m/fpu\libc_nano.a(lib_a-init.o)
                              startup\startup_stm32f407xx.o (__libc_init_array)
c:/program files (x86)/atollic/truestudio for stm32 9.3.0/armtools/bin/../lib/gcc/arm-atollic-eabi/6.3.1/../../../../arm-atollic-eabi/lib/armv7e-m/fpu\libc_nano.a(lib_a-memset.o)
                              Src\BNO080.o (memset)
c:/program files (x86)/atollic/truestudio for stm32 9.3.0/armtools/bin/../lib/gcc/arm-atollic-eabi/6.3.1/../../../../arm-atollic-eabi/lib/armv7e-m/fpu\libc_nano.a(lib_a-printf.o)
                              Src\main.o (printf)
c:/program files (x86)/atollic/truestudio for stm32 9.3.0/armtools/bin/../lib/gcc/arm-atollic-eabi/6.3.1/../../../../arm-atollic-eabi/lib/armv7e-m/fpu\libc_nano.a(lib_a-findfp.o)
                              c:/program files (x86)/atollic/truestudio for stm32 9.3.0/armtools/bin/../lib/gcc/arm-atollic-eabi/6.3.1/../../../../arm-atollic-eabi/lib/armv7e-m/fpu\libc_nano.a(lib_a-printf.o) (__sinit)
c:/program files (x86)/atollic/truestudio for stm32 9.3.0/armtools/bin/../lib/gcc/arm-atollic-eabi/6.3.1/../../../../arm-atollic-eabi/lib/armv7e-m/fpu\libc_nano.a(lib_a-fwalk.o)
                              c:/program files (x86)/atollic/truestudio for stm32 9.3.0/armtools/bin/../lib/gcc/arm-atollic-eabi/6.3.1/../../../../arm-atollic-eabi/lib/armv7e-m/fpu\libc_nano.a(lib_a-findfp.o) (_fwalk)
c:/program files (x86)/atollic/truestudio for stm32 9.3.0/armtools/bin/../lib/gcc/arm-atollic-eabi/6.3.1/../../../../arm-atollic-eabi/lib/armv7e-m/fpu\libc_nano.a(lib_a-nano-mallocr.o)
                              c:/program files (x86)/atollic/truestudio for stm32 9.3.0/armtools/bin/../lib/gcc/arm-atollic-eabi/6.3.1/../../../../arm-atollic-eabi/lib/armv7e-m/fpu\libc_nano.a(lib_a-findfp.o) (_malloc_r)
c:/program files (x86)/atollic/truestudio for stm32 9.3.0/armtools/bin/../lib/gcc/arm-atollic-eabi/6.3.1/../../../../arm-atollic-eabi/lib/armv7e-m/fpu\libc_nano.a(lib_a-nano-vfprintf.o)
                              c:/program files (x86)/atollic/truestudio for stm32 9.3.0/armtools/bin/../lib/gcc/arm-atollic-eabi/6.3.1/../../../../arm-atollic-eabi/lib/armv7e-m/fpu\libc_nano.a(lib_a-printf.o) (_vfprintf_r)
c:/program files (x86)/atollic/truestudio for stm32 9.3.0/armtools/bin/../lib/gcc/arm-atollic-eabi/6.3.1/../../../../arm-atollic-eabi/lib/armv7e-m/fpu\libc_nano.a(lib_a-nano-vfprintf_i.o)
                              c:/program files (x86)/atollic/truestudio for stm32 9.3.0/armtools/bin/../lib/gcc/arm-atollic-eabi/6.3.1/../../../../arm-atollic-eabi/lib/armv7e-m/fpu\libc_nano.a(lib_a-nano-vfprintf.o) (_printf_i)
c:/program files (x86)/atollic/truestudio for stm32 9.3.0/armtools/bin/../lib/gcc/arm-atollic-eabi/6.3.1/../../../../arm-atollic-eabi/lib/armv7e-m/fpu\libc_nano.a(lib_a-sbrkr.o)
                              c:/program files (x86)/atollic/truestudio for stm32 9.3.0/armtools/bin/../lib/gcc/arm-atollic-eabi/6.3.1/../../../../arm-atollic-eabi/lib/armv7e-m/fpu\libc_nano.a(lib_a-nano-mallocr.o) (_sbrk_r)
c:/program files (x86)/atollic/truestudio for stm32 9.3.0/armtools/bin/../lib/gcc/arm-atollic-eabi/6.3.1/../../../../arm-atollic-eabi/lib/armv7e-m/fpu\libc_nano.a(lib_a-stdio.o)
                              c:/program files (x86)/atollic/truestudio for stm32 9.3.0/armtools/bin/../lib/gcc/arm-atollic-eabi/6.3.1/../../../../arm-atollic-eabi/lib/armv7e-m/fpu\libc_nano.a(lib_a-findfp.o) (__sread)
c:/program files (x86)/atollic/truestudio for stm32 9.3.0/armtools/bin/../lib/gcc/arm-atollic-eabi/6.3.1/../../../../arm-atollic-eabi/lib/armv7e-m/fpu\libc_nano.a(lib_a-wbuf.o)
                              c:/program files (x86)/atollic/truestudio for stm32 9.3.0/armtools/bin/../lib/gcc/arm-atollic-eabi/6.3.1/../../../../arm-atollic-eabi/lib/armv7e-m/fpu\libc_nano.a(lib_a-nano-vfprintf.o) (__swbuf_r)
c:/program files (x86)/atollic/truestudio for stm32 9.3.0/armtools/bin/../lib/gcc/arm-atollic-eabi/6.3.1/../../../../arm-atollic-eabi/lib/armv7e-m/fpu\libc_nano.a(lib_a-writer.o)
[...]
Memory Configuration

Name             Origin             Length             Attributes
RAM              0x20000000         0x00020000         xrw
CCMRAM           0x10000000         0x00010000         rw
FLASH            0x08000000         0x00080000         xr
*default*        0x00000000         0xffffffff

Linker script and memory map

LOAD c:/program files (x86)/atollic/truestudio for stm32 9.3.0/armtools/bin/../lib/gcc/arm-atollic-eabi/6.3.1/armv7e-m/fpu/crti.o
LOAD c:/program files (x86)/atollic/truestudio for stm32 9.3.0/armtools/bin/../lib/gcc/arm-atollic-eabi/6.3.1/armv7e-m/fpu/crtbegin.o
LOAD Drivers\STM32F4xx_HAL_Driver\Src\stm32f4xx_hal.o
LOAD Drivers\STM32F4xx_HAL_Driver\Src\stm32f4xx_hal_adc.o
LOAD Drivers\STM32F4xx_HAL_Driver\Src\stm32f4xx_hal_adc_ex.o
LOAD Drivers\STM32F4xx_HAL_Driver\Src\stm32f4xx_hal_cortex.o
LOAD Drivers\STM32F4xx_HAL_Driver\Src\stm32f4xx_hal_dma.o
LOAD Drivers\STM32F4xx_HAL_Driver\Src\stm32f4xx_hal_dma_ex.o
LOAD Drivers\STM32F4xx_HAL_Driver\Src\stm32f4xx_hal_exti.o
LOAD Drivers\STM32F4xx_HAL_Driver\Src\stm32f4xx_hal_flash.o
LOAD Drivers\STM32F4xx_HAL_Driver\Src\stm32f4xx_hal_flash_ex.o
LOAD Drivers\STM32F4xx_HAL_Driver\Src\stm32f4xx_hal_flash_ramfunc.o
LOAD Drivers\STM32F4xx_HAL_Driver\Src\stm32f4xx_hal_gpio.o
LOAD Drivers\STM32F4xx_HAL_Driver\Src\stm32f4xx_hal_pwr.o
LOAD Drivers\STM32F4xx_HAL_Driver\Src\stm32f4xx_hal_pwr_ex.o
LOAD Drivers\STM32F4xx_HAL_Driver\Src\stm32f4xx_hal_rcc.o
LOAD Drivers\STM32F4xx_HAL_Driver\Src\stm32f4xx_hal_rcc_ex.o
LOAD Drivers\STM32F4xx_HAL_Driver\Src\stm32f4xx_hal_tim.o
LOAD Drivers\STM32F4xx_HAL_Driver\Src\stm32f4xx_hal_tim_ex.o
LOAD Drivers\STM32F4xx_HAL_Driver\Src\stm32f4xx_hal_uart.o
LOAD Drivers\STM32F4xx_HAL_Driver\Src\stm32f4xx_ll_dma.o
LOAD Drivers\STM32F4xx_HAL_Driver\Src\stm32f4xx_ll_exti.o
LOAD Drivers\STM32F4xx_HAL_Driver\Src\stm32f4xx_ll_gpio.o
LOAD Drivers\STM32F4xx_HAL_Driver\Src\stm32f4xx_ll_rcc.o
LOAD Drivers\STM32F4xx_HAL_Driver\Src\stm32f4xx_ll_spi.o
LOAD Drivers\STM32F4xx_HAL_Driver\Src\stm32f4xx_ll_utils.o
LOAD Src\BNO080.o
LOAD Src\Quaternion.o
LOAD Src\adc.o
LOAD Src\dma.o
LOAD Src\gpio.o
LOAD Src\main.o
LOAD Src\spi.o
LOAD Src\stm32f4xx_hal_msp.o
LOAD Src\stm32f4xx_it.o
LOAD Src\syscalls.o
LOAD Src\system_stm32f4xx.o
LOAD Src\tim.o
LOAD Src\usart.o
LOAD startup\startup_stm32f407xx.o
                0x00000080                malloc_getpagesize_P = 0x80
START GROUP
LOAD c:/program files (x86)/atollic/truestudio for stm32 9.3.0/armtools/bin/../lib/gcc/arm-atollic-eabi/6.3.1/../../../../arm-atollic-eabi/lib/armv7e-m/fpu\libc_nano.a
LOAD c:/program files (x86)/atollic/truestudio for stm32 9.3.0/armtools/bin/../lib/gcc/arm-atollic-eabi/6.3.1/../../../../arm-atollic-eabi/lib/armv7e-m/fpu\libm.a
END GROUP
START GROUP
LOAD c:/program files (x86)/atollic/truestudio for stm32 9.3.0/armtools/bin/../lib/gcc/arm-atollic-eabi/6.3.1/armv7e-m/fpu\libgcc.a
LOAD c:/program files (x86)/atollic/truestudio for stm32 9.3.0/armtools/bin/../lib/gcc/arm-atollic-eabi/6.3.1/../../../../arm-atollic-eabi/lib/armv7e-m/fpu\libc_nano.a
END GROUP
START GROUP
LOAD c:/program files (x86)/atollic/truestudio for stm32 9.3.0/armtools/bin/../lib/gcc/arm-atollic-eabi/6.3.1/armv7e-m/fpu\libgcc.a
LOAD c:/program files (x86)/atollic/truestudio for stm32 9.3.0/armtools/bin/../lib/gcc/arm-atollic-eabi/6.3.1/../../../../arm-atollic-eabi/lib/armv7e-m/fpu\libc_nano.a
LOAD c:/program files (x86)/atollic/truestudio for stm32 9.3.0/armtools/bin/../lib/gcc/arm-atollic-eabi/6.3.1/../../../../arm-atollic-eabi/lib/armv7e-m/fpu\libnosys.a
END GROUP
START GROUP
LOAD c:/program files (x86)/atollic/truestudio for stm32 9.3.0/armtools/bin/../lib/gcc/arm-atollic-eabi/6.3.1/armv7e-m/fpu\libgcc.a
LOAD c:/program files (x86)/atollic/truestudio for stm32 9.3.0/armtools/bin/../lib/gcc/arm-atollic-eabi/6.3.1/../../../../arm-atollic-eabi/lib/armv7e-m/fpu\libc_nano.a
LOAD c:/program files (x86)/atollic/truestudio for stm32 9.3.0/armtools/bin/../lib/gcc/arm-atollic-eabi/6.3.1/../../../../arm-atollic-eabi/lib/armv7e-m/fpu\libnosys.a
END GROUP
LOAD c:/program files (x86)/atollic/truestudio for stm32 9.3.0/armtools/bin/../lib/gcc/arm-atollic-eabi/6.3.1/armv7e-m/fpu/crtend.o
LOAD c:/program files (x86)/atollic/truestudio for stm32 9.3.0/armtools/bin/../lib/gcc/arm-atollic-eabi/6.3.1/armv7e-m/fpu/crtn.o
                0x20020000                _estack = 0x20020000
                0x00000200                _Min_Heap_Size = 0x200
                0x00000400                _Min_Stack_Size = 0x400

.isr_vector     0x08000000      0x188
                0x08000000                . = ALIGN (0x4)
 *(.isr_vector)
 .isr_vector    0x08000000      0x188 startup\startup_stm32f407xx.o
                0x08000000                g_pfnVectors
                0x08000188                . = ALIGN (0x4)

.text           0x08000190     0x5188
                0x08000190                . = ALIGN (0x4)
 *(.text)
 .text          0x08000190       0x40 c:/program files (x86)/atollic/truestudio for stm32 9.3.0/armtools/bin/../lib/gcc/arm-atollic-eabi/6.3.1/armv7e-m/fpu/crtbegin.o
 .text          0x080001d0       0xa0 c:/program files (x86)/atollic/truestudio for stm32 9.3.0/armtools/bin/../lib/gcc/arm-atollic-eabi/6.3.1/../../../../arm-atollic-eabi/lib/armv7e-m/fpu\libc_nano.a(lib_a-memchr.o)
                0x080001d0                memchr
 .text          0x08000270      0x370 c:/program files (x86)/atollic/truestudio for stm32 9.3.0/armtools/bin/../lib/gcc/arm-atollic-eabi/6.3.1/armv7e-m/fpu\libgcc.a(_arm_addsubdf3.o)
                0x08000270                __aeabi_drsub
                0x08000278                __aeabi_dsub
                0x08000278                __subdf3
                0x0800027c                __aeabi_dadd
                0x0800027c                __adddf3
                0x080004f4                __floatunsidf
                0x080004f4                __aeabi_ui2d
                0x08000514                __floatsidf
                0x08000514                __aeabi_i2d
                0x08000538                __aeabi_f2d
                0x08000538                __extendsfdf2
                0x08000574                __floatundidf
                0x08000574                __aeabi_ul2d
                0x08000584                __floatdidf
                0x08000584                __aeabi_l2d
 .text          0x080005e0      0x424 c:/program files (x86)/atollic/truestudio for stm32 9.3.0/armtools/bin/../lib/gcc/arm-atollic-eabi/6.3.1/armv7e-m/fpu\libgcc.a(_arm_muldivdf3.o)
                0x080005e0                __aeabi_dmul
                0x080005e0                __muldf3
                0x08000834                __divdf3
                0x08000834                __aeabi_ddiv
 .text          0x08000a04       0x50 c:/program files (x86)/atollic/truestudio for stm32 9.3.0/armtools/bin/../lib/gcc/arm-atollic-eabi/6.3.1/armv7e-m/fpu\libgcc.a(_arm_fixdfsi.o)
                0x08000a04                __aeabi_d2iz
                0x08000a04                __fixdfsi
 .text          0x08000a54       0x40 c:/program files (x86)/atollic/truestudio for stm32 9.3.0/armtools/bin/../lib/gcc/arm-atollic-eabi/6.3.1/armv7e-m/fpu\libgcc.a(_arm_fixunsdfsi.o)
                0x08000a54                __aeabi_d2uiz
                0x08000a54                __fixunsdfsi
 .text          0x08000a94       0xa0 c:/program files (x86)/atollic/truestudio for stm32 9.3.0/armtools/bin/../lib/gcc/arm-atollic-eabi/6.3.1/armv7e-m/fpu\libgcc.a(_arm_truncdfsf2.o)
                0x08000a94                __truncdfsf2
                0x08000a94                __aeabi_d2f
 .text          0x08000b34       0x30 c:/program files (x86)/atollic/truestudio for stm32 9.3.0/armtools/bin/../lib/gcc/arm-atollic-eabi/6.3.1/armv7e-m/fpu\libgcc.a(_aeabi_uldivmod.o)
                0x08000b34                __aeabi_uldivmod
 .text          0x08000b64      0x2dc c:/program files (x86)/atollic/truestudio for stm32 9.3.0/armtools/bin/../lib/gcc/arm-atollic-eabi/6.3.1/armv7e-m/fpu\libgcc.a(_udivmoddi4.o)
                0x08000b64                __udivmoddi4
 .text          0x08000e40        0x4 c:/program files (x86)/atollic/truestudio for stm32 9.3.0/armtools/bin/../lib/gcc/arm-atollic-eabi/6.3.1/armv7e-m/fpu\libgcc.a(_dvmd_tls.o)
                0x08000e40                __aeabi_idiv0
                0x08000e40                __aeabi_ldiv0
 *(.text*)
 .text.HAL_InitTick
                0x08000e44       0x48 Drivers\STM32F4xx_HAL_Driver\Src\stm32f4xx_hal.o
                0x08000e44                HAL_InitTick
 .text.HAL_Init
                0x08000e8c       0x34 Drivers\STM32F4xx_HAL_Driver\Src\stm32f4xx_hal.o
                0x08000e8c                HAL_Init
 .text.HAL_IncTick
                0x08000ec0       0x18 Drivers\STM32F4xx_HAL_Driver\Src\stm32f4xx_hal.o
                0x08000ec0                HAL_IncTick
 .text.HAL_GetTick
                0x08000ed8        0xc Drivers\STM32F4xx_HAL_Driver\Src\stm32f4xx_hal.o
                0x08000ed8                HAL_GetTick
 .text.HAL_ADC_Init
                0x08000ee4      0x14c Drivers\STM32F4xx_HAL_Driver\Src\stm32f4xx_hal_adc.o
                0x08000ee4                HAL_ADC_Init
 .text.HAL_ADC_Start_DMA
                0x08001030      0x128 Drivers\STM32F4xx_HAL_Driver\Src\stm32f4xx_hal_adc.o
                0x08001030                HAL_ADC_Start_DMA
 .text.HAL_ADC_ConvCpltCallback
                0x08001158        0x2 Drivers\STM32F4xx_HAL_Driver\Src\stm32f4xx_hal_adc.o
                0x08001158                HAL_ADC_ConvCpltCallback
 .text.HAL_ADC_ConvHalfCpltCallback
                0x0800115a        0x2 Drivers\STM32F4xx_HAL_Driver\Src\stm32f4xx_hal_adc.o
                0x0800115a                HAL_ADC_ConvHalfCpltCallback
 .text.ADC_DMAHalfConvCplt
                0x0800115c        0xa Drivers\STM32F4xx_HAL_Driver\Src\stm32f4xx_hal_adc.o
 .text.HAL_ADC_ErrorCallback
                0x08001166        0x2 Drivers\STM32F4xx_HAL_Driver\Src\stm32f4xx_hal_adc.o
                0x08001166                HAL_ADC_ErrorCallback
 .text.ADC_DMAError
                0x08001168       0x16 Drivers\STM32F4xx_HAL_Driver\Src\stm32f4xx_hal_adc.o
 .text.ADC_DMAConvCplt
                0x0800117e       0x6c Drivers\STM32F4xx_HAL_Driver\Src\stm32f4xx_hal_adc.o
 *fill*         0x080011ea        0x2 
 .text.HAL_ADC_ConfigChannel
                0x080011ec      0x12c Drivers\STM32F4xx_HAL_Driver\Src\stm32f4xx_hal_adc.o
                0x080011ec                HAL_ADC_ConfigChannel
 .text.HAL_NVIC_SetPriorityGrouping
                0x08001318       0x24 Drivers\STM32F4xx_HAL_Driver\Src\stm32f4xx_hal_cortex.o
                0x08001318                HAL_NVIC_SetPriorityGrouping
 .text.HAL_NVIC_SetPriority
                0x0800133c       0x68 Drivers\STM32F4xx_HAL_Driver\Src\stm32f4xx_hal_cortex.o
                0x0800133c                HAL_NVIC_SetPriority
 .text.HAL_NVIC_EnableIRQ
                0x080013a4       0x1c Drivers\STM32F4xx_HAL_Driver\Src\stm32f4xx_hal_cortex.o
                0x080013a4                HAL_NVIC_EnableIRQ
 .text.HAL_SYSTICK_Config
                0x080013c0       0x2c Drivers\STM32F4xx_HAL_Driver\Src\stm32f4xx_hal_cortex.o
                0x080013c0                HAL_SYSTICK_Config
 .text.DMA_CalcBaseAndBitshift
                0x080013ec       0x2c Drivers\STM32F4xx_HAL_Driver\Src\stm32f4xx_hal_dma.o
 .text.HAL_DMA_Init
                0x08001418       0xfc Drivers\STM32F4xx_HAL_Driver\Src\stm32f4xx_hal_dma.o
                0x08001418                HAL_DMA_Init
 .text.HAL_DMA_Start_IT
                0x08001514       0x7c Drivers\STM32F4xx_HAL_Driver\Src\stm32f4xx_hal_dma.o
                0x08001514                HAL_DMA_Start_IT
 .text.HAL_DMA_Abort_IT
                0x08001590       0x24 Drivers\STM32F4xx_HAL_Driver\Src\stm32f4xx_hal_dma.o
                0x08001590                HAL_DMA_Abort_IT
 .text.HAL_DMA_IRQHandler
                0x080015b4      0x174 Drivers\STM32F4xx_HAL_Driver\Src\stm32f4xx_hal_dma.o
                0x080015b4                HAL_DMA_IRQHandler
 .text.HAL_GPIO_Init
                0x08001728      0x1c0 Drivers\STM32F4xx_HAL_Driver\Src\stm32f4xx_hal_gpio.o
                0x08001728                HAL_GPIO_Init
 .text.HAL_GPIO_ReadPin
                0x080018e8        0xc Drivers\STM32F4xx_HAL_Driver\Src\stm32f4xx_hal_gpio.o
                0x080018e8                HAL_GPIO_ReadPin
 .text.HAL_RCC_OscConfig
                0x080018f4      0x304 Drivers\STM32F4xx_HAL_Driver\Src\stm32f4xx_hal_rcc.o
                0x080018f4                HAL_RCC_OscConfig
 .text.HAL_RCC_GetSysClockFreq
                0x08001bf8       0x5c Drivers\STM32F4xx_HAL_Driver\Src\stm32f4xx_hal_rcc.o
                0x08001bf8                HAL_RCC_GetSysClockFreq
 .text.HAL_RCC_ClockConfig
                0x08001c54      0x134 Drivers\STM32F4xx_HAL_Driver\Src\stm32f4xx_hal_rcc.o
                0x08001c54                HAL_RCC_ClockConfig
 .text.HAL_RCC_GetPCLK1Freq
                0x08001d88       0x20 Drivers\STM32F4xx_HAL_Driver\Src\stm32f4xx_hal_rcc.o
                0x08001d88                HAL_RCC_GetPCLK1Freq
 .text.HAL_RCC_GetPCLK2Freq
                0x08001da8       0x20 Drivers\STM32F4xx_HAL_Driver\Src\stm32f4xx_hal_rcc.o
                0x08001da8                HAL_RCC_GetPCLK2Freq
 .text.TIM_OC1_SetConfig
                0x08001dc8       0x64 Drivers\STM32F4xx_HAL_Driver\Src\stm32f4xx_hal_tim.o
 .text.TIM_OC3_SetConfig
                0x08001e2c       0x6c Drivers\STM32F4xx_HAL_Driver\Src\stm32f4xx_hal_tim.o
 .text.TIM_OC4_SetConfig
                0x08001e98       0x4c Drivers\STM32F4xx_HAL_Driver\Src\stm32f4xx_hal_tim.o
 .text.HAL_TIM_Base_Start_IT
                0x08001ee4       0x20 Drivers\STM32F4xx_HAL_Driver\Src\stm32f4xx_hal_tim.o
                0x08001ee4                HAL_TIM_Base_Start_IT
 .text.HAL_TIM_Encoder_Start
                0x08001f04       0x44 Drivers\STM32F4xx_HAL_Driver\Src\stm32f4xx_hal_tim.o
                0x08001f04                HAL_TIM_Encoder_Start
 .text.HAL_TIM_ReadCapturedValue
                0x08001f48       0x32 Drivers\STM32F4xx_HAL_Driver\Src\stm32f4xx_hal_tim.o
                0x08001f48                HAL_TIM_ReadCapturedValue
 .text.HAL_TIM_OC_DelayElapsedCallback
                0x08001f7a        0x2 Drivers\STM32F4xx_HAL_Driver\Src\stm32f4xx_hal_tim.o
                0x08001f7a                HAL_TIM_OC_DelayElapsedCallback
 .text.HAL_TIM_PWM_PulseFinishedCallback
                0x08001f7c        0x2 Drivers\STM32F4xx_HAL_Driver\Src\stm32f4xx_hal_tim.o
                0x08001f7c                HAL_TIM_PWM_PulseFinishedCallback
 .text.HAL_TIM_TriggerCallback
                0x08001f7e        0x2 Drivers\STM32F4xx_HAL_Driver\Src\stm32f4xx_hal_tim.o
                0x08001f7e                HAL_TIM_TriggerCallback
 .text.HAL_TIM_IRQHandler
                0x08001f80      0x144 Drivers\STM32F4xx_HAL_Driver\Src\stm32f4xx_hal_tim.o
                0x08001f80                HAL_TIM_IRQHandler
 .text.TIM_Base_SetConfig
                0x080020c4       0xcc Drivers\STM32F4xx_HAL_Driver\Src\stm32f4xx_hal_tim.o
                0x080020c4                TIM_Base_SetConfig
 .text.HAL_TIM_Base_Init
                0x08002190       0x34 Drivers\STM32F4xx_HAL_Driver\Src\stm32f4xx_hal_tim.o
                0x08002190                HAL_TIM_Base_Init
 .text.HAL_TIM_PWM_Init
                0x080021c4       0x34 Drivers\STM32F4xx_HAL_Driver\Src\stm32f4xx_hal_tim.o
                0x080021c4                HAL_TIM_PWM_Init
 .text.HAL_TIM_IC_Init
                0x080021f8       0x34 Drivers\STM32F4xx_HAL_Driver\Src\stm32f4xx_hal_tim.o
                0x080021f8                HAL_TIM_IC_Init
 .text.HAL_TIM_Encoder_Init
                0x0800222c       0x96 Drivers\STM32F4xx_HAL_Driver\Src\stm32f4xx_hal_tim.o
                0x0800222c                HAL_TIM_Encoder_Init
 *fill*         0x080022c2        0x2 
 .text.TIM_OC2_SetConfig
                0x080022c4       0x6c Drivers\STM32F4xx_HAL_Driver\Src\stm32f4xx_hal_tim.o
                0x080022c4                TIM_OC2_SetConfig
 .text.HAL_TIM_PWM_ConfigChannel
                0x08002330       0xc4 Drivers\STM32F4xx_HAL_Driver\Src\stm32f4xx_hal_tim.o
                0x08002330                HAL_TIM_PWM_ConfigChannel
 .text.TIM_TI1_SetConfig
                0x080023f4       0x74 Drivers\STM32F4xx_HAL_Driver\Src\stm32f4xx_hal_tim.o
                0x080023f4                TIM_TI1_SetConfig
 .text.HAL_TIM_IC_ConfigChannel
                0x08002468      0x110 Drivers\STM32F4xx_HAL_Driver\Src\stm32f4xx_hal_tim.o
                0x08002468                HAL_TIM_IC_ConfigChannel
 .text.TIM_CCxChannelCmd
                0x08002578       0x1c Drivers\STM32F4xx_HAL_Driver\Src\stm32f4xx_hal_tim.o
                0x08002578                TIM_CCxChannelCmd
 .text.HAL_TIM_PWM_Start
                0x08002594       0x40 Drivers\STM32F4xx_HAL_Driver\Src\stm32f4xx_hal_tim.o
                0x08002594                HAL_TIM_PWM_Start
 .text.HAL_TIM_IC_Start_IT
                0x080025d4       0x62 Drivers\STM32F4xx_HAL_Driver\Src\stm32f4xx_hal_tim.o
                0x080025d4                HAL_TIM_IC_Start_IT
 .text.HAL_TIMEx_MasterConfigSynchronization
                0x08002636       0x3c Drivers\STM32F4xx_HAL_Driver\Src\stm32f4xx_hal_tim_ex.o
                0x08002636                HAL_TIMEx_MasterConfigSynchronization
 .text.HAL_TIMEx_CommutCallback
                0x08002672        0x2 Drivers\STM32F4xx_HAL_Driver\Src\stm32f4xx_hal_tim_ex.o
                0x08002672                HAL_TIMEx_CommutCallback
 .text.HAL_TIMEx_BreakCallback
                0x08002674        0x2 Drivers\STM32F4xx_HAL_Driver\Src\stm32f4xx_hal_tim_ex.o
                0x08002674                HAL_TIMEx_BreakCallback
 .text.UART_EndRxTransfer
                0x08002676       0x1a Drivers\STM32F4xx_HAL_Driver\Src\stm32f4xx_hal_uart.o
 .text.UART_SetConfig
                0x08002690      0x234 Drivers\STM32F4xx_HAL_Driver\Src\stm32f4xx_hal_uart.o
 .text.HAL_UART_Init
                0x080028c4       0x5c Drivers\STM32F4xx_HAL_Driver\Src\stm32f4xx_hal_uart.o
                0x080028c4                HAL_UART_Init
 .text.HAL_UART_Receive_IT
                0x08002920       0x4e Drivers\STM32F4xx_HAL_Driver\Src\stm32f4xx_hal_uart.o
                0x08002920                HAL_UART_Receive_IT
 .text.HAL_UART_TxCpltCallback
                0x0800296e        0x2 Drivers\STM32F4xx_HAL_Driver\Src\stm32f4xx_hal_uart.o
                0x0800296e                HAL_UART_TxCpltCallback
 .text.UART_Receive_IT
                0x08002970       0x7c Drivers\STM32F4xx_HAL_Driver\Src\stm32f4xx_hal_uart.o
 .text.HAL_UART_ErrorCallback
                0x080029ec        0x2 Drivers\STM32F4xx_HAL_Driver\Src\stm32f4xx_hal_uart.o
                0x080029ec                HAL_UART_ErrorCallback
 *fill*         0x080029ee        0x2 
 .text.HAL_UART_IRQHandler
                0x080029f0      0x140 Drivers\STM32F4xx_HAL_Driver\Src\stm32f4xx_hal_uart.o
                0x080029f0                HAL_UART_IRQHandler
 .text.UART_DMAAbortOnError
                0x08002b30       0x10 Drivers\STM32F4xx_HAL_Driver\Src\stm32f4xx_hal_uart.o
 .text.LL_GPIO_Init
                0x08002b40      0x144 Drivers\STM32F4xx_HAL_Driver\Src\stm32f4xx_ll_gpio.o
                0x08002b40                LL_GPIO_Init
 .text.LL_SPI_Init
                0x08002c84       0x62 Drivers\STM32F4xx_HAL_Driver\Src\stm32f4xx_ll_spi.o
                0x08002c84                LL_SPI_Init
 *fill*         0x08002ce6        0x2 
 .text.MX_ADC1_Init
                0x08002ce8       0xf8 Src\adc.o
                0x08002ce8                MX_ADC1_Init
 .text.HAL_ADC_MspInit
                0x08002de0       0xa4 Src\adc.o
                0x08002de0                HAL_ADC_MspInit
 .text.MX_DMA_Init
                0x08002e84       0x34 Src\dma.o
                0x08002e84                MX_DMA_Init
 .text.LL_AHB1_GRP1_EnableClock
                0x08002eb8       0x1c Src\gpio.o
 .text.MX_GPIO_Init
                0x08002ed4      0x150 Src\gpio.o
                0x08002ed4                MX_GPIO_Init
 .text._write   0x08003024       0x32 Src\main.o
                0x08003024                _write
 *fill*         0x08003056        0x2 
 .text.SystemClock_Config
                0x08003058       0x94 Src\main.o
                0x08003058                SystemClock_Config
 .text.normal_set
                0x080030ec       0x20 Src\main.o
                0x080030ec                normal_set
 .text.Lrotation_set
                0x0800310c       0x1c Src\main.o
                0x0800310c                Lrotation_set
 .text.Rrotation_set
                0x08003128       0x20 Src\main.o
                0x08003128                Rrotation_set
 .text.Stop     0x08003148       0x1c Src\main.o
                0x08003148                Stop
 .text.Solenoid_init
                0x08003164       0x3c Src\main.o
                0x08003164                Solenoid_init
 .text.Rstep    0x080031a0       0x30 Src\main.o
                0x080031a0                Rstep
 .text.Lstep    0x080031d0       0x2c Src\main.o
                0x080031d0                Lstep
 .text.Allstep  0x080031fc       0x2c Src\main.o
                0x080031fc                Allstep
 .text.startup.main
                0x08003228      0x5c0 Src\main.o
                0x08003228                main
 .text.HAL_TIM_IC_CaptureCallback
                0x080037e8       0x80 Src\main.o
                0x080037e8                HAL_TIM_IC_CaptureCallback
 .text.HAL_TIM_PeriodElapsedCallback
                0x08003868       0x28 Src\main.o
                0x08003868                HAL_TIM_PeriodElapsedCallback
 .text.HAL_UART_RxCpltCallback
                0x08003890      0x200 Src\main.o
                0x08003890                HAL_UART_RxCpltCallback
 .text.Error_Handler
                0x08003a90        0x2 Src\main.o
                0x08003a90                Error_Handler
 *fill*         0x08003a92        0x2 
 .text.MX_SPI2_Init
                0x08003a94       0xa0 Src\spi.o
                0x08003a94                MX_SPI2_Init
 .text.HAL_MspInit
                0x08003b34       0x38 Src\stm32f4xx_hal_msp.o
                0x08003b34                HAL_MspInit
 .text.NMI_Handler
                0x08003b6c        0x2 Src\stm32f4xx_it.o
                0x08003b6c                NMI_Handler
 .text.HardFault_Handler
                0x08003b6e        0x2 Src\stm32f4xx_it.o
                0x08003b6e                HardFault_Handler
 .text.MemManage_Handler
                0x08003b70        0x2 Src\stm32f4xx_it.o
                0x08003b70                MemManage_Handler
 .text.BusFault_Handler
                0x08003b72        0x2 Src\stm32f4xx_it.o
                0x08003b72                BusFault_Handler
 .text.UsageFault_Handler
                0x08003b74        0x2 Src\stm32f4xx_it.o
                0x08003b74                UsageFault_Handler
 .text.SVC_Handler
                0x08003b76        0x2 Src\stm32f4xx_it.o
                0x08003b76                SVC_Handler
 .text.DebugMon_Handler
                0x08003b78        0x2 Src\stm32f4xx_it.o
                0x08003b78                DebugMon_Handler
 .text.PendSV_Handler
                0x08003b7a        0x2 Src\stm32f4xx_it.o
                0x08003b7a                PendSV_Handler
 .text.SysTick_Handler
                0x08003b7c        0x4 Src\stm32f4xx_it.o
                0x08003b7c                SysTick_Handler
 .text.TIM1_CC_IRQHandler
                0x08003b80        0xc Src\stm32f4xx_it.o
                0x08003b80                TIM1_CC_IRQHandler
 .text.TIM2_IRQHandler
                0x08003b8c        0xc Src\stm32f4xx_it.o
                0x08003b8c                TIM2_IRQHandler
 .text.TIM3_IRQHandler
                0x08003b98        0xc Src\stm32f4xx_it.o
                0x08003b98                TIM3_IRQHandler
 .text.TIM4_IRQHandler
                0x08003ba4        0xc Src\stm32f4xx_it.o
                0x08003ba4                TIM4_IRQHandler
 .text.USART1_IRQHandler
                0x08003bb0        0xc Src\stm32f4xx_it.o
                0x08003bb0                USART1_IRQHandler
 .text.TIM7_IRQHandler
                0x08003bbc        0xc Src\stm32f4xx_it.o
                0x08003bbc                TIM7_IRQHandler
 .text.DMA2_Stream0_IRQHandler
                0x08003bc8        0xc Src\stm32f4xx_it.o
                0x08003bc8                DMA2_Stream0_IRQHandler
 .text._read    0x08003bd4       0x1c Src\syscalls.o
                0x08003bd4                _read
 .text._sbrk    0x08003bf0       0x34 Src\syscalls.o
                0x08003bf0                _sbrk
 .text._close   0x08003c24        0x6 Src\syscalls.o
                0x08003c24                _close
 .text._fstat   0x08003c2a        0xa Src\syscalls.o
                0x08003c2a                _fstat
 .text._isatty  0x08003c34        0x4 Src\syscalls.o
                0x08003c34                _isatty
 .text._lseek   0x08003c38        0x4 Src\syscalls.o
                0x08003c38                _lseek
 .text.SystemInit
                0x08003c3c       0x4c Src\system_stm32f4xx.o
                0x08003c3c                SystemInit
 .text.MX_TIM1_Init
                0x08003c88       0xc0 Src\tim.o
                0x08003c88                MX_TIM1_Init
 .text.MX_TIM2_Init
                0x08003d48       0xbc Src\tim.o
                0x08003d48                MX_TIM2_Init
 .text.MX_TIM3_Init
                0x08003e04       0x60 Src\tim.o
                0x08003e04                MX_TIM3_Init
 .text.MX_TIM4_Init
                0x08003e64       0x60 Src\tim.o
                0x08003e64                MX_TIM4_Init
 .text.MX_TIM7_Init
                0x08003ec4       0x44 Src\tim.o
                0x08003ec4                MX_TIM7_Init
 .text.HAL_TIM_IC_MspInit
                0x08003f08      0x108 Src\tim.o
                0x08003f08                HAL_TIM_IC_MspInit
 .text.HAL_TIM_Encoder_MspInit
                0x08004010       0xd4 Src\tim.o
                0x08004010                HAL_TIM_Encoder_MspInit
 .text.HAL_TIM_Base_MspInit
                0x080040e4       0x88 Src\tim.o
                0x080040e4                HAL_TIM_Base_MspInit
 .text.HAL_TIM_PWM_MspInit
                0x0800416c       0x30 Src\tim.o
                0x0800416c                HAL_TIM_PWM_MspInit
 .text.HAL_TIM_MspPostInit
                0x0800419c       0xbc Src\tim.o
                0x0800419c                HAL_TIM_MspPostInit
 .text.MX_TIM9_Init
                0x08004258       0x70 Src\tim.o
                0x08004258                MX_TIM9_Init
 .text.MX_TIM11_Init
                0x080042c8       0x6c Src\tim.o
                0x080042c8                MX_TIM11_Init
 .text.MX_TIM13_Init
                0x08004334       0x6c Src\tim.o
                0x08004334                MX_TIM13_Init
 .text.MX_USART1_UART_Init
                0x080043a0       0x38 Src\usart.o
                0x080043a0                MX_USART1_UART_Init
 .text.HAL_UART_MspInit
                0x080043d8       0x80 Src\usart.o
                0x080043d8                HAL_UART_MspInit
 .text.Reset_Handler
                0x08004458       0x50 startup\startup_stm32f407xx.o
                0x08004458                Reset_Handler
 .text.Default_Handler
                0x080044a8        0x2 startup\startup_stm32f407xx.o
                0x080044a8                RTC_Alarm_IRQHandler
                0x080044a8                HASH_RNG_IRQHandler
                0x080044a8                EXTI2_IRQHandler
                0x080044a8                TIM8_CC_IRQHandler
                0x080044a8                DMA2_Stream5_IRQHandler
                0x080044a8                DMA1_Stream5_IRQHandler
                0x080044a8                PVD_IRQHandler
                0x080044a8                SDIO_IRQHandler
                0x080044a8                TAMP_STAMP_IRQHandler
                0x080044a8                CAN2_RX1_IRQHandler
                0x080044a8                EXTI3_IRQHandler
                0x080044a8                TIM8_TRG_COM_TIM14_IRQHandler
                0x080044a8                TIM1_UP_TIM10_IRQHandler
                0x080044a8                TIM8_UP_TIM13_IRQHandler
                0x080044a8                I2C3_ER_IRQHandler
                0x080044a8                EXTI0_IRQHandler
                0x080044a8                I2C2_EV_IRQHandler
                0x080044a8                DMA1_Stream2_IRQHandler
                0x080044a8                CAN1_RX0_IRQHandler
                0x080044a8                FPU_IRQHandler
                0x080044a8                OTG_HS_WKUP_IRQHandler
                0x080044a8                CAN2_SCE_IRQHandler
                0x080044a8                DMA2_Stream2_IRQHandler
                0x080044a8                SPI1_IRQHandler
                0x080044a8                TIM6_DAC_IRQHandler
                0x080044a8                TIM1_BRK_TIM9_IRQHandler
                0x080044a8                DCMI_IRQHandler
                0x080044a8                CAN2_RX0_IRQHandler
                0x080044a8                DMA2_Stream3_IRQHandler
                0x080044a8                USART6_IRQHandler
                0x080044a8                USART3_IRQHandler
                0x080044a8                CAN1_RX1_IRQHandler
                0x080044a8                UART5_IRQHandler
                0x080044a8                I2C1_EV_IRQHandler
                0x080044a8                DMA1_Stream6_IRQHandler
                0x080044a8                DMA1_Stream1_IRQHandler
                0x080044a8                UART4_IRQHandler
                0x080044a8                RCC_IRQHandler
                0x080044a8                TIM8_BRK_TIM12_IRQHandler
                0x080044a8                Default_Handler
                0x080044a8                EXTI15_10_IRQHandler
                0x080044a8                ADC_IRQHandler
                0x080044a8                DMA1_Stream7_IRQHandler
                0x080044a8                CAN2_TX_IRQHandler
                0x080044a8                TIM5_IRQHandler
                0x080044a8                DMA2_Stream7_IRQHandler
                0x080044a8                I2C3_EV_IRQHandler
                0x080044a8                EXTI9_5_IRQHandler
                0x080044a8                RTC_WKUP_IRQHandler
                0x080044a8                ETH_WKUP_IRQHandler
                0x080044a8                SPI2_IRQHandler
                0x080044a8                OTG_HS_EP1_IN_IRQHandler
                0x080044a8                DMA1_Stream0_IRQHandler
                0x080044a8                CAN1_TX_IRQHandler
                0x080044a8                EXTI4_IRQHandler
                0x080044a8                FSMC_IRQHandler
                0x080044a8                ETH_IRQHandler
                0x080044a8                OTG_HS_EP1_OUT_IRQHandler
                0x080044a8                WWDG_IRQHandler
                0x080044a8                OTG_FS_WKUP_IRQHandler
                0x080044a8                TIM1_TRG_COM_TIM11_IRQHandler
                0x080044a8                OTG_HS_IRQHandler
                0x080044a8                EXTI1_IRQHandler
                0x080044a8                USART2_IRQHandler
                0x080044a8                I2C2_ER_IRQHandler
                0x080044a8                DMA2_Stream1_IRQHandler
                0x080044a8                CAN1_SCE_IRQHandler
                0x080044a8                FLASH_IRQHandler
                0x080044a8                DMA2_Stream4_IRQHandler
                0x080044a8                OTG_FS_IRQHandler
                0x080044a8                SPI3_IRQHandler
                0x080044a8                DMA1_Stream4_IRQHandler
                0x080044a8                I2C1_ER_IRQHandler
                0x080044a8                DMA2_Stream6_IRQHandler
                0x080044a8                DMA1_Stream3_IRQHandler
 *fill*         0x080044aa        0x2 
 .text.__errno  0x080044ac        0xc c:/program files (x86)/atollic/truestudio for stm32 9.3.0/armtools/bin/../lib/gcc/arm-atollic-eabi/6.3.1/../../../../arm-atollic-eabi/lib/armv7e-m/fpu\libc_nano.a(lib_a-errno.o)
                0x080044ac                __errno
 .text.__libc_init_array
                0x080044b8       0x48 c:/program files (x86)/atollic/truestudio for stm32 9.3.0/armtools/bin/../lib/gcc/arm-atollic-eabi/6.3.1/../../../../arm-atollic-eabi/lib/armv7e-m/fpu\libc_nano.a(lib_a-init.o)
                0x080044b8                __libc_init_array
 .text.memset   0x08004500       0x10 c:/program files (x86)/atollic/truestudio for stm32 9.3.0/armtools/bin/../lib/gcc/arm-atollic-eabi/6.3.1/../../../../arm-atollic-eabi/lib/armv7e-m/fpu\libc_nano.a(lib_a-memset.o)
                0x08004500                memset
 .text.printf   0x08004510       0x30 c:/program files (x86)/atollic/truestudio for stm32 9.3.0/armtools/bin/../lib/gcc/arm-atollic-eabi/6.3.1/../../../../arm-atollic-eabi/lib/armv7e-m/fpu\libc_nano.a(lib_a-printf.o)
                0x08004510                iprintf
                0x08004510                printf
 .text._cleanup_r
                0x08004540        0xc c:/program files (x86)/atollic/truestudio for stm32 9.3.0/armtools/bin/../lib/gcc/arm-atollic-eabi/6.3.1/../../../../arm-atollic-eabi/lib/armv7e-m/fpu\libc_nano.a(lib_a-findfp.o)
                0x08004540                _cleanup_r
 .text.std.isra.0
                0x0800454c       0x48 c:/program files (x86)/atollic/truestudio for stm32 9.3.0/armtools/bin/../lib/gcc/arm-atollic-eabi/6.3.1/../../../../arm-atollic-eabi/lib/armv7e-m/fpu\libc_nano.a(lib_a-findfp.o)
 .text.__sfmoreglue
                0x08004594       0x2c c:/program files (x86)/atollic/truestudio for stm32 9.3.0/armtools/bin/../lib/gcc/arm-atollic-eabi/6.3.1/../../../../arm-atollic-eabi/lib/armv7e-m/fpu\libc_nano.a(lib_a-findfp.o)
                0x08004594                __sfmoreglue
 .text.__sinit  0x080045c0       0x60 c:/program files (x86)/atollic/truestudio for stm32 9.3.0/armtools/bin/../lib/gcc/arm-atollic-eabi/6.3.1/../../../../arm-atollic-eabi/lib/armv7e-m/fpu\libc_nano.a(lib_a-findfp.o)
                0x080045c0                __sinit
 .text.__sfp    0x08004620       0x78 c:/program files (x86)/atollic/truestudio for stm32 9.3.0/armtools/bin/../lib/gcc/arm-atollic-eabi/6.3.1/../../../../arm-atollic-eabi/lib/armv7e-m/fpu\libc_nano.a(lib_a-findfp.o)
                0x08004620                __sfp
 .text._fwalk_reent
                0x08004698       0x3c c:/program files (x86)/atollic/truestudio for stm32 9.3.0/armtools/bin/../lib/gcc/arm-atollic-eabi/6.3.1/../../../../arm-atollic-eabi/lib/armv7e-m/fpu\libc_nano.a(lib_a-fwalk.o)
                0x08004698                _fwalk_reent
 .text._malloc_r
                0x080046d4       0xbc c:/program files (x86)/atollic/truestudio for stm32 9.3.0/armtools/bin/../lib/gcc/arm-atollic-eabi/6.3.1/../../../../arm-atollic-eabi/lib/armv7e-m/fpu\libc_nano.a(lib_a-nano-mallocr.o)
                0x080046d4                _malloc_r
 .text.__sfputc_r
                0x08004790       0x30 c:/program files (x86)/atollic/truestudio for stm32 9.3.0/armtools/bin/../lib/gcc/arm-atollic-eabi/6.3.1/../../../../arm-atollic-eabi/lib/armv7e-m/fpu\libc_nano.a(lib_a-nano-vfprintf.o)
 .text.__sfputs_r
                0x080047c0       0x24 c:/program files (x86)/atollic/truestudio for stm32 9.3.0/armtools/bin/../lib/gcc/arm-atollic-eabi/6.3.1/../../../../arm-atollic-eabi/lib/armv7e-m/fpu\libc_nano.a(lib_a-nano-vfprintf.o)
                0x080047c0                __sfputs_r
 .text._vfprintf_r
                0x080047e4      0x22c c:/program files (x86)/atollic/truestudio for stm32 9.3.0/armtools/bin/../lib/gcc/arm-atollic-eabi/6.3.1/../../../../arm-atollic-eabi/lib/armv7e-m/fpu\libc_nano.a(lib_a-nano-vfprintf.o)
                0x080047e4                _vfprintf_r
                0x080047e4                _vfiprintf_r
 .text._printf_common
                0x08004a10       0xec c:/program files (x86)/atollic/truestudio for stm32 9.3.0/armtools/bin/../lib/gcc/arm-atollic-eabi/6.3.1/../../../../arm-atollic-eabi/lib/armv7e-m/fpu\libc_nano.a(lib_a-nano-vfprintf_i.o)
                0x08004a10                _printf_common
 .text._printf_i
                0x08004afc      0x240 c:/program files (x86)/atollic/truestudio for stm32 9.3.0/armtools/bin/../lib/gcc/arm-atollic-eabi/6.3.1/../../../../arm-atollic-eabi/lib/armv7e-m/fpu\libc_nano.a(lib_a-nano-vfprintf_i.o)
                0x08004afc                _printf_i
 .text._sbrk_r  0x08004d3c       0x20 c:/program files (x86)/atollic/truestudio for stm32 9.3.0/armtools/bin/../lib/gcc/arm-atollic-eabi/6.3.1/../../../../arm-atollic-eabi/lib/armv7e-m/fpu\libc_nano.a(lib_a-sbrkr.o)
                0x08004d3c                _sbrk_r
 .text.__sread  0x08004d5c       0x22 c:/program files (x86)/atollic/truestudio for stm32 9.3.0/armtools/bin/../lib/gcc/arm-atollic-eabi/6.3.1/../../../../arm-atollic-eabi/lib/armv7e-m/fpu\libc_nano.a(lib_a-stdio.o)
                0x08004d5c                __sread
 .text.__swrite
                0x08004d7e       0x38 c:/program files (x86)/atollic/truestudio for stm32 9.3.0/armtools/bin/../lib/gcc/arm-atollic-eabi/6.3.1/../../../../arm-atollic-eabi/lib/armv7e-m/fpu\libc_nano.a(lib_a-stdio.o)
                0x08004d7e                __swrite
 .text.__sseek  0x08004db6       0x24 c:/program files (x86)/atollic/truestudio for stm32 9.3.0/armtools/bin/../lib/gcc/arm-atollic-eabi/6.3.1/../../../../arm-atollic-eabi/lib/armv7e-m/fpu\libc_nano.a(lib_a-stdio.o)
                0x08004db6                __sseek
 .text.__sclose
                0x08004dda        0x8 c:/program files (x86)/atollic/truestudio for stm32 9.3.0/armtools/bin/../lib/gcc/arm-atollic-eabi/6.3.1/../../../../arm-atollic-eabi/lib/armv7e-m/fpu\libc_nano.a(lib_a-stdio.o)
                0x08004dda                __sclose
 *fill*         0x08004de2        0x2 
 .text.__swbuf_r
                0x08004de4       0xa4 c:/program files (x86)/atollic/truestudio for stm32 9.3.0/armtools/bin/../lib/gcc/arm-atollic-eabi/6.3.1/../../../../arm-atollic-eabi/lib/armv7e-m/fpu\libc_nano.a(lib_a-wbuf.o)
                0x08004de4                __swbuf_r
 .text._write_r
                0x08004e88       0x24 c:/program files (x86)/atollic/truestudio for stm32 9.3.0/armtools/bin/../lib/gcc/arm-atollic-eabi/6.3.1/../../../../arm-atollic-eabi/lib/armv7e-m/fpu\libc_nano.a(lib_a-writer.o)
                0x08004e88                _write_r
 .text.__swsetup_r
                0x08004eac       0xdc c:/program files (x86)/atollic/truestudio for stm32 9.3.0/armtools/bin/../lib/gcc/arm-atollic-eabi/6.3.1/../../../../arm-atollic-eabi/lib/armv7e-m/fpu\libc_nano.a(lib_a-wsetup.o)
                0x08004eac                __swsetup_r
 .text._close_r
                0x08004f88       0x20 c:/program files (x86)/atollic/truestudio for stm32 9.3.0/armtools/bin/../lib/gcc/arm-atollic-eabi/6.3.1/../../../../arm-atollic-eabi/lib/armv7e-m/fpu\libc_nano.a(lib_a-closer.o)
                0x08004f88                _close_r
 .text.__sflush_r
                0x08004fa8      0x110 c:/program files (x86)/atollic/truestudio for stm32 9.3.0/armtools/bin/../lib/gcc/arm-atollic-eabi/6.3.1/../../../../arm-atollic-eabi/lib/armv7e-m/fpu\libc_nano.a(lib_a-fflush.o)
                0x08004fa8                __sflush_r
 .text._fflush_r
                0x080050b8       0x54 c:/program files (x86)/atollic/truestudio for stm32 9.3.0/armtools/bin/../lib/gcc/arm-atollic-eabi/6.3.1/../../../../arm-atollic-eabi/lib/armv7e-m/fpu\libc_nano.a(lib_a-fflush.o)
                0x080050b8                _fflush_r
 .text._lseek_r
                0x0800510c       0x24 c:/program files (x86)/atollic/truestudio for stm32 9.3.0/armtools/bin/../lib/gcc/arm-atollic-eabi/6.3.1/../../../../arm-atollic-eabi/lib/armv7e-m/fpu\libc_nano.a(lib_a-lseekr.o)
                0x0800510c                _lseek_r
 .text.__swhatbuf_r
                0x08005130       0x48 c:/program files (x86)/atollic/truestudio for stm32 9.3.0/armtools/bin/../lib/gcc/arm-atollic-eabi/6.3.1/../../../../arm-atollic-eabi/lib/armv7e-m/fpu\libc_nano.a(lib_a-makebuf.o)
                0x08005130                __swhatbuf_r
 .text.__smakebuf_r
                0x08005178       0x80 c:/program files (x86)/atollic/truestudio for stm32 9.3.0/armtools/bin/../lib/gcc/arm-atollic-eabi/6.3.1/../../../../arm-atollic-eabi/lib/armv7e-m/fpu\libc_nano.a(lib_a-makebuf.o)
                0x08005178                __smakebuf_r
 .text.__malloc_lock
                0x080051f8        0x2 c:/program files (x86)/atollic/truestudio for stm32 9.3.0/armtools/bin/../lib/gcc/arm-atollic-eabi/6.3.1/../../../../arm-atollic-eabi/lib/armv7e-m/fpu\libc_nano.a(lib_a-mlock.o)
                0x080051f8                __malloc_lock
 .text.__malloc_unlock
                0x080051fa        0x2 c:/program files (x86)/atollic/truestudio for stm32 9.3.0/armtools/bin/../lib/gcc/arm-atollic-eabi/6.3.1/../../../../arm-atollic-eabi/lib/armv7e-m/fpu\libc_nano.a(lib_a-mlock.o)
                0x080051fa                __malloc_unlock
 .text._free_r  0x080051fc       0x9c c:/program files (x86)/atollic/truestudio for stm32 9.3.0/armtools/bin/../lib/gcc/arm-atollic-eabi/6.3.1/../../../../arm-atollic-eabi/lib/armv7e-m/fpu\libc_nano.a(lib_a-nano-freer.o)
                0x080051fc                _free_r
 .text._read_r  0x08005298       0x24 c:/program files (x86)/atollic/truestudio for stm32 9.3.0/armtools/bin/../lib/gcc/arm-atollic-eabi/6.3.1/../../../../arm-atollic-eabi/lib/armv7e-m/fpu\libc_nano.a(lib_a-readr.o)
                0x08005298                _read_r
 .text._fstat_r
                0x080052bc       0x24 c:/program files (x86)/atollic/truestudio for stm32 9.3.0/armtools/bin/../lib/gcc/arm-atollic-eabi/6.3.1/../../../../arm-atollic-eabi/lib/armv7e-m/fpu\libc_nano.a(lib_a-fstatr.o)
                0x080052bc                _fstat_r
 .text._isatty_r
                0x080052e0       0x20 c:/program files (x86)/atollic/truestudio for stm32 9.3.0/armtools/bin/../lib/gcc/arm-atollic-eabi/6.3.1/../../../../arm-atollic-eabi/lib/armv7e-m/fpu\libc_nano.a(lib_a-isattyr.o)
                0x080052e0                _isatty_r
 *(.glue_7)
 .glue_7        0x08005300        0x0 linker stubs
 *(.glue_7t)
 .glue_7t       0x08005300        0x0 linker stubs
 *(.eh_frame)
 .eh_frame      0x08005300        0x0 c:/program files (x86)/atollic/truestudio for stm32 9.3.0/armtools/bin/../lib/gcc/arm-atollic-eabi/6.3.1/armv7e-m/fpu/crtbegin.o
 *(.init)
 .init          0x08005300        0x4 c:/program files (x86)/atollic/truestudio for stm32 9.3.0/armtools/bin/../lib/gcc/arm-atollic-eabi/6.3.1/armv7e-m/fpu/crti.o
                0x08005300                _init
 .init          0x08005304        0x8 c:/program files (x86)/atollic/truestudio for stm32 9.3.0/armtools/bin/../lib/gcc/arm-atollic-eabi/6.3.1/armv7e-m/fpu/crtn.o
 *(.fini)
 .fini          0x0800530c        0x4 c:/program files (x86)/atollic/truestudio for stm32 9.3.0/armtools/bin/../lib/gcc/arm-atollic-eabi/6.3.1/armv7e-m/fpu/crti.o
                0x0800530c                _fini
 .fini          0x08005310        0x8 c:/program files (x86)/atollic/truestudio for stm32 9.3.0/armtools/bin/../lib/gcc/arm-atollic-eabi/6.3.1/armv7e-m/fpu/crtn.o
                0x08005318                . = ALIGN (0x4)
                0x08005318                _etext = .

.vfp11_veneer   0x08005318        0x0
 .vfp11_veneer  0x08005318        0x0 linker stubs

.v4_bx          0x08005318        0x0
 .v4_bx         0x08005318        0x0 linker stubs

.iplt           0x08005318        0x0
 .iplt          0x08005318        0x0 c:/program files (x86)/atollic/truestudio for stm32 9.3.0/armtools/bin/../lib/gcc/arm-atollic-eabi/6.3.1/armv7e-m/fpu/crtbegin.o

.rodata         0x08005318       0xe8
                0x08005318                . = ALIGN (0x4)
 *(.rodata)
 *(.rodata*)
 .rodata.flagBitshiftOffset.8115
                0x08005318        0x8 Drivers\STM32F4xx_HAL_Driver\Src\stm32f4xx_hal_dma.o
 .rodata.HAL_UART_RxCpltCallback.str1.1
                0x08005320       0x30 Src\main.o
 .rodata.AHBPrescTable
                0x08005350       0x10 Src\system_stm32f4xx.o
                0x08005350                AHBPrescTable
 .rodata.APBPrescTable
                0x08005360        0x8 Src\system_stm32f4xx.o
                0x08005360                APBPrescTable
 .rodata._global_impure_ptr
                0x08005368        0x4 c:/program files (x86)/atollic/truestudio for stm32 9.3.0/armtools/bin/../lib/gcc/arm-atollic-eabi/6.3.1/../../../../arm-atollic-eabi/lib/armv7e-m/fpu\libc_nano.a(lib_a-impure.o)
                0x08005368                _global_impure_ptr
 .rodata.__sf_fake_stderr
                0x0800536c       0x20 c:/program files (x86)/atollic/truestudio for stm32 9.3.0/armtools/bin/../lib/gcc/arm-atollic-eabi/6.3.1/../../../../arm-atollic-eabi/lib/armv7e-m/fpu\libc_nano.a(lib_a-findfp.o)
                0x0800536c                __sf_fake_stderr
 .rodata.__sf_fake_stdin
                0x0800538c       0x20 c:/program files (x86)/atollic/truestudio for stm32 9.3.0/armtools/bin/../lib/gcc/arm-atollic-eabi/6.3.1/../../../../arm-atollic-eabi/lib/armv7e-m/fpu\libc_nano.a(lib_a-findfp.o)
                0x0800538c                __sf_fake_stdin
 .rodata.__sf_fake_stdout
                0x080053ac       0x20 c:/program files (x86)/atollic/truestudio for stm32 9.3.0/armtools/bin/../lib/gcc/arm-atollic-eabi/6.3.1/../../../../arm-atollic-eabi/lib/armv7e-m/fpu\libc_nano.a(lib_a-findfp.o)
                0x080053ac                __sf_fake_stdout
 .rodata._vfprintf_r.str1.1
                0x080053cc       0x11 c:/program files (x86)/atollic/truestudio for stm32 9.3.0/armtools/bin/../lib/gcc/arm-atollic-eabi/6.3.1/../../../../arm-atollic-eabi/lib/armv7e-m/fpu\libc_nano.a(lib_a-nano-vfprintf.o)
 .rodata._printf_i.str1.1
                0x080053dd       0x22 c:/program files (x86)/atollic/truestudio for stm32 9.3.0/armtools/bin/../lib/gcc/arm-atollic-eabi/6.3.1/../../../../arm-atollic-eabi/lib/armv7e-m/fpu\libc_nano.a(lib_a-nano-vfprintf_i.o)
                0x08005400                . = ALIGN (0x4)
 *fill*         0x080053ff        0x1 

.ARM.extab
 *(.ARM.extab* .gnu.linkonce.armextab.*)

.ARM            0x08005400        0x8
                0x08005400                __exidx_start = .
 *(.ARM.exidx*)
 .ARM.exidx     0x08005400        0x8 c:/program files (x86)/atollic/truestudio for stm32 9.3.0/armtools/bin/../lib/gcc/arm-atollic-eabi/6.3.1/armv7e-m/fpu\libgcc.a(_udivmoddi4.o)
                0x08005408                __exidx_end = .

.rel.dyn        0x08005408        0x0
 .rel.iplt      0x08005408        0x0 c:/program files (x86)/atollic/truestudio for stm32 9.3.0/armtools/bin/../lib/gcc/arm-atollic-eabi/6.3.1/armv7e-m/fpu/crtbegin.o

.preinit_array  0x08005408        0x0
                0x08005408                PROVIDE (__preinit_array_start, .)
 *(.preinit_array*)
                0x08005408                PROVIDE (__preinit_array_end, .)

.init_array     0x08005408        0x4
                0x08005408                PROVIDE (__init_array_start, .)
 *(SORT(.init_array.*))
 *(.init_array*)
 .init_array    0x08005408        0x4 c:/program files (x86)/atollic/truestudio for stm32 9.3.0/armtools/bin/../lib/gcc/arm-atollic-eabi/6.3.1/armv7e-m/fpu/crtbegin.o
                0x0800540c                PROVIDE (__init_array_end, .)

.fini_array     0x0800540c        0x4
                [!provide]                PROVIDE (__fini_array_start, .)
 *(SORT(.fini_array.*))
 *(.fini_array*)
 .fini_array    0x0800540c        0x4 c:/program files (x86)/atollic/truestudio for stm32 9.3.0/armtools/bin/../lib/gcc/arm-atollic-eabi/6.3.1/armv7e-m/fpu/crtbegin.o
                [!provide]                PROVIDE (__fini_array_end, .)
                0x08005410                _sidata = LOADADDR (.data)

.data           0x20000000       0x78 load address 0x08005410
                0x20000000                . = ALIGN (0x4)
                0x20000000                _sdata = .
 *(.data)
 *(.data*)
 .data.uwTickFreq
                0x20000000        0x1 Drivers\STM32F4xx_HAL_Driver\Src\stm32f4xx_hal.o
                0x20000000                uwTickFreq
 *fill*         0x20000001        0x3 
 .data.uwTickPrio
                0x20000004        0x4 Drivers\STM32F4xx_HAL_Driver\Src\stm32f4xx_hal.o
                0x20000004                uwTickPrio
 .data.Mode     0x20000008        0x1 Src\main.o
                0x20000008                Mode
 *fill*         0x20000009        0x1 
 .data.MotorSpeed
                0x2000000a        0x2 Src\main.o
                0x2000000a                MotorSpeed
 .data.TargetEnc
                0x2000000c        0x4 Src\main.o
                0x2000000c                TargetEnc
 .data.SystemCoreClock
                0x20000010        0x4 Src\system_stm32f4xx.o
                0x20000010                SystemCoreClock
 .data._impure_ptr
                0x20000014        0x4 c:/program files (x86)/atollic/truestudio for stm32 9.3.0/armtools/bin/../lib/gcc/arm-atollic-eabi/6.3.1/../../../../arm-atollic-eabi/lib/armv7e-m/fpu\libc_nano.a(lib_a-impure.o)
                0x20000014                _impure_ptr
 .data.impure_data
                0x20000018       0x60 c:/program files (x86)/atollic/truestudio for stm32 9.3.0/armtools/bin/../lib/gcc/arm-atollic-eabi/6.3.1/../../../../arm-atollic-eabi/lib/armv7e-m/fpu\libc_nano.a(lib_a-impure.o)
                0x20000078                . = ALIGN (0x4)
                0x20000078                _edata = .
                0x08005488                _siccmram = LOADADDR (.ccmram)

.igot.plt       0x20000078        0x0 load address 0x08005488
 .igot.plt      0x20000078        0x0 c:/program files (x86)/atollic/truestudio for stm32 9.3.0/armtools/bin/../lib/gcc/arm-atollic-eabi/6.3.1/armv7e-m/fpu/crtbegin.o

.ccmram         0x10000000        0x0 load address 0x08005488
                0x10000000                . = ALIGN (0x4)
                0x10000000                _sccmram = .
 *(.ccmram)
 *(.ccmram*)
                0x10000000                . = ALIGN (0x4)
                0x10000000                _eccmram = .
                0x10000000                . = ALIGN (0x4)

.bss            0x20000078      0x3d4
                0x20000078                _sbss = .
                0x20000078                __bss_start__ = _sbss
 *(.bss)
 .bss           0x20000078       0x1c c:/program files (x86)/atollic/truestudio for stm32 9.3.0/armtools/bin/../lib/gcc/arm-atollic-eabi/6.3.1/armv7e-m/fpu/crtbegin.o
 *(.bss*)
 .bss.EncoderCount3
                0x20000094        0x4 Src\main.o
                0x20000094                EncoderCount3
 .bss.EncoderCount4
                0x20000098        0x4 Src\main.o
                0x20000098                EncoderCount4
 .bss.IC1Value  0x2000009c        0x4 Src\main.o
                0x2000009c                IC1Value
 .bss.IC2Value  0x200000a0        0x4 Src\main.o
                0x200000a0                IC2Value
 .bss.IC3Value  0x200000a4        0x4 Src\main.o
                0x200000a4                IC3Value
 .bss.IC4Value  0x200000a8        0x4 Src\main.o
                0x200000a8                IC4Value
 .bss.LRTrig    0x200000ac        0x1 Src\main.o
                0x200000ac                LRTrig
 .bss.MotorFlag
                0x200000ad        0x1 Src\main.o
                0x200000ad                MotorFlag
 *fill*         0x200000ae        0x2 
 .bss.TimCount  0x200000b0        0x4 Src\main.o
                0x200000b0                TimCount
 .bss.TimEvent  0x200000b4        0x1 Src\main.o
                0x200000b4                TimEvent
 .bss.dirsave   0x200000b5        0x1 Src\main.o
                0x200000b5                dirsave
 *fill*         0x200000b6        0x2 
 .bss.initialPosFlag
                0x200000b8        0x4 Src\main.o
                0x200000b8                initialPosFlag
 .bss.serial_mode
                0x200000bc        0x1 Src\main.o
                0x200000bc                serial_mode
 .bss.serial_statue
                0x200000bd        0x1 Src\main.o
                0x200000bd                serial_statue
 .bss.stepfront
                0x200000be        0x1 Src\main.o
                0x200000be                stepfront
 *fill*         0x200000bf        0x1 
 .bss.heap_end.7010
                0x200000c0        0x4 Src\syscalls.o
 .bss.__malloc_free_list
                0x200000c4        0x4 c:/program files (x86)/atollic/truestudio for stm32 9.3.0/armtools/bin/../lib/gcc/arm-atollic-eabi/6.3.1/../../../../arm-atollic-eabi/lib/armv7e-m/fpu\libc_nano.a(lib_a-nano-mallocr.o)
                0x200000c4                __malloc_free_list
 .bss.__malloc_sbrk_start
                0x200000c8        0x4 c:/program files (x86)/atollic/truestudio for stm32 9.3.0/armtools/bin/../lib/gcc/arm-atollic-eabi/6.3.1/../../../../arm-atollic-eabi/lib/armv7e-m/fpu\libc_nano.a(lib_a-nano-mallocr.o)
                0x200000c8                __malloc_sbrk_start
 *(COMMON)
 COMMON         0x200000cc        0x4 Drivers\STM32F4xx_HAL_Driver\Src\stm32f4xx_hal.o
                0x200000cc                uwTick
 COMMON         0x200000d0        0xc Src\Quaternion.o
                0x200000d0                BNO080_Roll
                0x200000d4                BNO080_Yaw
                0x200000d8                BNO080_Pitch
 COMMON         0x200000dc       0xa8 Src\adc.o
                0x200000dc                hadc1
                0x20000124                hdma_adc1
 *fill*         0x20000184        0x4 
 COMMON         0x20000188       0x80 Src\main.o
                0x20000188                quatRadianAccuracy
                0x20000190                Control
                0x20000198                Ble
                0x200001a0                I_ctl
                0x200001a8                adcbuffer
                0x200001c8                q
                0x200001d8                adcvaltrace
                0x200001f8                adcval
 COMMON         0x20000208      0x200 Src\tim.o
                0x20000208                htim4
                0x20000248                htim3
                0x20000288                htim13
                0x200002c8                htim11
                0x20000308                htim1
                0x20000348                htim9
                0x20000388                htim2
                0x200003c8                htim7
 COMMON         0x20000408       0x40 Src\usart.o
                0x20000408                huart1
 COMMON         0x20000448        0x4 c:/program files (x86)/atollic/truestudio for stm32 9.3.0/armtools/bin/../lib/gcc/arm-atollic-eabi/6.3.1/../../../../arm-atollic-eabi/lib/armv7e-m/fpu\libc_nano.a(lib_a-reent.o)
                0x20000448                errno
                0x2000044c                . = ALIGN (0x4)
                0x2000044c                _ebss = .
                0x2000044c                __bss_end__ = _ebss

._user_heap_stack
                0x2000044c      0x600
                0x2000044c                . = ALIGN (0x4)
                0x2000044c                PROVIDE (end, .)
                [!provide]                PROVIDE (_end, .)
                0x2000064c                . = (. + _Min_Heap_Size)
 *fill*         0x2000044c      0x200 
                0x20000a4c                . = (. + _Min_Stack_Size)
 *fill*         0x2000064c      0x400 
                0x20000a4c                . = ALIGN (0x4)

/DISCARD/
 libc.a(*)
 libm.a(*)
 libgcc.a(*)

.ARM.attributes
                0x00000000       0x30
 *(.ARM.attributes)
 .ARM.attributes
                0x00000000       0x22 c:/program files (x86)/atollic/truestudio for stm32 9.3.0/armtools/bin/../lib/gcc/arm-atollic-eabi/6.3.1/armv7e-m/fpu/crti.o
 .ARM.attributes
                0x00000022       0x34 c:/program files (x86)/atollic/truestudio for stm32 9.3.0/armtools/bin/../lib/gcc/arm-atollic-eabi/6.3.1/armv7e-m/fpu/crtbegin.o
 .ARM.attributes
                0x00000056       0x39 Drivers\STM32F4xx_HAL_Driver\Src\stm32f4xx_hal.o
 .ARM.attributes
                0x0000008f       0x39 Drivers\STM32F4xx_HAL_Driver\Src\stm32f4xx_hal_adc.o
 .ARM.attributes
                0x000000c8       0x39 Drivers\STM32F4xx_HAL_Driver\Src\stm32f4xx_hal_cortex.o
 .ARM.attributes
                0x00000101       0x39 Drivers\STM32F4xx_HAL_Driver\Src\stm32f4xx_hal_dma.o
 .ARM.attributes
                0x0000013a       0x39 Drivers\STM32F4xx_HAL_Driver\Src\stm32f4xx_hal_gpio.o
 .ARM.attributes
                0x00000173       0x39 Drivers\STM32F4xx_HAL_Driver\Src\stm32f4xx_hal_rcc.o
 .ARM.attributes
                0x000001ac       0x39 Drivers\STM32F4xx_HAL_Driver\Src\stm32f4xx_hal_tim.o
 .ARM.attributes
                0x000001e5       0x39 Drivers\STM32F4xx_HAL_Driver\Src\stm32f4xx_hal_tim_ex.o
 .ARM.attributes
                0x0000021e       0x39 Drivers\STM32F4xx_HAL_Driver\Src\stm32f4xx_hal_uart.o
 .ARM.attributes
                0x00000257       0x39 Drivers\STM32F4xx_HAL_Driver\Src\stm32f4xx_ll_gpio.o
 .ARM.attributes
                0x00000290       0x39 Drivers\STM32F4xx_HAL_Driver\Src\stm32f4xx_ll_spi.o
 .ARM.attributes
                0x000002c9       0x39 Src\Quaternion.o
 .ARM.attributes
                0x00000302       0x39 Src\adc.o
 .ARM.attributes
                0x0000033b       0x39 Src\dma.o
 .ARM.attributes
                0x00000374       0x39 Src\gpio.o
 .ARM.attributes
                0x000003ad       0x39 Src\main.o
 .ARM.attributes
                0x000003e6       0x39 Src\spi.o
 .ARM.attributes
                0x0000041f       0x39 Src\stm32f4xx_hal_msp.o
 .ARM.attributes
                0x00000458       0x39 Src\stm32f4xx_it.o
 .ARM.attributes
                0x00000491       0x39 Src\syscalls.o
 .ARM.attributes
                0x000004ca       0x39 Src\system_stm32f4xx.o
 .ARM.attributes
                0x00000503       0x39 Src\tim.o
 .ARM.attributes
                0x0000053c       0x39 Src\usart.o
 .ARM.attributes
                0x00000575       0x21 startup\startup_stm32f407xx.o
 .ARM.attributes
                0x00000596       0x34 c:/program files (x86)/atollic/truestudio for stm32 9.3.0/armtools/bin/../lib/gcc/arm-atollic-eabi/6.3.1/../../../../arm-atollic-eabi/lib/armv7e-m/fpu\libc_nano.a(lib_a-errno.o)
 .ARM.attributes
                0x000005ca       0x34 c:/program files (x86)/atollic/truestudio for stm32 9.3.0/armtools/bin/../lib/gcc/arm-atollic-eabi/6.3.1/../../../../arm-atollic-eabi/lib/armv7e-m/fpu\libc_nano.a(lib_a-impure.o)
 .ARM.attributes
                0x000005fe       0x34 c:/program files (x86)/atollic/truestudio for stm32 9.3.0/armtools/bin/../lib/gcc/arm-atollic-eabi/6.3.1/../../../../arm-atollic-eabi/lib/armv7e-m/fpu\libc_nano.a(lib_a-init.o)
 .ARM.attributes
                0x00000632       0x34 c:/program files (x86)/atollic/truestudio for stm32 9.3.0/armtools/bin/../lib/gcc/arm-atollic-eabi/6.3.1/../../../../arm-atollic-eabi/lib/armv7e-m/fpu\libc_nano.a(lib_a-memset.o)
 .ARM.attributes
                0x00000666       0x34 c:/program files (x86)/atollic/truestudio for stm32 9.3.0/armtools/bin/../lib/gcc/arm-atollic-eabi/6.3.1/../../../../arm-atollic-eabi/lib/armv7e-m/fpu\libc_nano.a(lib_a-printf.o)
 .ARM.attributes
                0x0000069a       0x34 c:/program files (x86)/atollic/truestudio for stm32 9.3.0/armtools/bin/../lib/gcc/arm-atollic-eabi/6.3.1/../../../../arm-atollic-eabi/lib/armv7e-m/fpu\libc_nano.a(lib_a-findfp.o)
 .ARM.attributes
                0x000006ce       0x34 c:/program files (x86)/atollic/truestudio for stm32 9.3.0/armtools/bin/../lib/gcc/arm-atollic-eabi/6.3.1/../../../../arm-atollic-eabi/lib/armv7e-m/fpu\libc_nano.a(lib_a-fwalk.o)
 .ARM.attributes
                0x00000702       0x34 c:/program files (x86)/atollic/truestudio for stm32 9.3.0/armtools/bin/../lib/gcc/arm-atollic-eabi/6.3.1/../../../../arm-atollic-eabi/lib/armv7e-m/fpu\libc_nano.a(lib_a-nano-mallocr.o)
 .ARM.attributes
                0x00000736       0x34 c:/program files (x86)/atollic/truestudio for stm32 9.3.0/armtools/bin/../lib/gcc/arm-atollic-eabi/6.3.1/../../../../arm-atollic-eabi/lib/armv7e-m/fpu\libc_nano.a(lib_a-nano-vfprintf.o)
 .ARM.attributes
                0x0000076a       0x34 c:/program files (x86)/atollic/truestudio for stm32 9.3.0/armtools/bin/../lib/gcc/arm-atollic-eabi/6.3.1/../../../../arm-atollic-eabi/lib/armv7e-m/fpu\libc_nano.a(lib_a-nano-vfprintf_i.o)
 .ARM.attributes
                0x0000079e       0x34 c:/program files (x86)/atollic/truestudio for stm32 9.3.0/armtools/bin/../lib/gcc/arm-atollic-eabi/6.3.1/../../../../arm-atollic-eabi/lib/armv7e-m/fpu\libc_nano.a(lib_a-sbrkr.o)
 .ARM.attributes
                0x000007d2       0x34 c:/program files (x86)/atollic/truestudio for stm32 9.3.0/armtools/bin/../lib/gcc/arm-atollic-eabi/6.3.1/../../../../arm-atollic-eabi/lib/armv7e-m/fpu\libc_nano.a(lib_a-stdio.o)
 .ARM.attributes
                0x00000806       0x34 c:/program files (x86)/atollic/truestudio for stm32 9.3.0/armtools/bin/../lib/gcc/arm-atollic-eabi/6.3.1/../../../../arm-atollic-eabi/lib/armv7e-m/fpu\libc_nano.a(lib_a-wbuf.o)
 .ARM.attributes
                0x0000083a       0x34 c:/program files (x86)/atollic/truestudio for stm32 9.3.0/armtools/bin/../lib/gcc/arm-atollic-eabi/6.3.1/../../../../arm-atollic-eabi/lib/armv7e-m/fpu\libc_nano.a(lib_a-writer.o)
 .ARM.attributes
                0x0000086e       0x34 c:/program files (x86)/atollic/truestudio for stm32 9.3.0/armtools/bin/../lib/gcc/arm-atollic-eabi/6.3.1/../../../../arm-atollic-eabi/lib/armv7e-m/fpu\libc_nano.a(lib_a-wsetup.o)
 .ARM.attributes
                0x000008a2       0x34 c:/program files (x86)/atollic/truestudio for stm32 9.3.0/armtools/bin/../lib/gcc/arm-atollic-eabi/6.3.1/../../../../arm-atollic-eabi/lib/armv7e-m/fpu\libc_nano.a(lib_a-closer.o)
 .ARM.attributes
                0x000008d6       0x34 c:/program files (x86)/atollic/truestudio for stm32 9.3.0/armtools/bin/../lib/gcc/arm-atollic-eabi/6.3.1/../../../../arm-atollic-eabi/lib/armv7e-m/fpu\libc_nano.a(lib_a-fflush.o)
 .ARM.attributes
                0x0000090a       0x34 c:/program files (x86)/atollic/truestudio for stm32 9.3.0/armtools/bin/../lib/gcc/arm-atollic-eabi/6.3.1/../../../../arm-atollic-eabi/lib/armv7e-m/fpu\libc_nano.a(lib_a-lseekr.o)
 .ARM.attributes
                0x0000093e       0x34 c:/program files (x86)/atollic/truestudio for stm32 9.3.0/armtools/bin/../lib/gcc/arm-atollic-eabi/6.3.1/../../../../arm-atollic-eabi/lib/armv7e-m/fpu\libc_nano.a(lib_a-makebuf.o)
 .ARM.attributes
                0x00000972       0x20 c:/program files (x86)/atollic/truestudio for stm32 9.3.0/armtools/bin/../lib/gcc/arm-atollic-eabi/6.3.1/../../../../arm-atollic-eabi/lib/armv7e-m/fpu\libc_nano.a(lib_a-memchr.o)
 .ARM.attributes
                0x00000992       0x34 c:/program files (x86)/atollic/truestudio for stm32 9.3.0/armtools/bin/../lib/gcc/arm-atollic-eabi/6.3.1/../../../../arm-atollic-eabi/lib/armv7e-m/fpu\libc_nano.a(lib_a-mlock.o)
 .ARM.attributes
                0x000009c6       0x34 c:/program files (x86)/atollic/truestudio for stm32 9.3.0/armtools/bin/../lib/gcc/arm-atollic-eabi/6.3.1/../../../../arm-atollic-eabi/lib/armv7e-m/fpu\libc_nano.a(lib_a-nano-freer.o)
 .ARM.attributes
                0x000009fa       0x34 c:/program files (x86)/atollic/truestudio for stm32 9.3.0/armtools/bin/../lib/gcc/arm-atollic-eabi/6.3.1/../../../../arm-atollic-eabi/lib/armv7e-m/fpu\libc_nano.a(lib_a-readr.o)
 .ARM.attributes
                0x00000a2e       0x34 c:/program files (x86)/atollic/truestudio for stm32 9.3.0/armtools/bin/../lib/gcc/arm-atollic-eabi/6.3.1/../../../../arm-atollic-eabi/lib/armv7e-m/fpu\libc_nano.a(lib_a-reent.o)
 .ARM.attributes
                0x00000a62       0x34 c:/program files (x86)/atollic/truestudio for stm32 9.3.0/armtools/bin/../lib/gcc/arm-atollic-eabi/6.3.1/../../../../arm-atollic-eabi/lib/armv7e-m/fpu\libc_nano.a(lib_a-fstatr.o)
 .ARM.attributes
                0x00000a96       0x34 c:/program files (x86)/atollic/truestudio for stm32 9.3.0/armtools/bin/../lib/gcc/arm-atollic-eabi/6.3.1/../../../../arm-atollic-eabi/lib/armv7e-m/fpu\libc_nano.a(lib_a-isattyr.o)
 .ARM.attributes
                0x00000aca       0x22 c:/program files (x86)/atollic/truestudio for stm32 9.3.0/armtools/bin/../lib/gcc/arm-atollic-eabi/6.3.1/armv7e-m/fpu\libgcc.a(_arm_addsubdf3.o)
 .ARM.attributes
                0x00000aec       0x22 c:/program files (x86)/atollic/truestudio for stm32 9.3.0/armtools/bin/../lib/gcc/arm-atollic-eabi/6.3.1/armv7e-m/fpu\libgcc.a(_arm_muldivdf3.o)
 .ARM.attributes
                0x00000b0e       0x22 c:/program files (x86)/atollic/truestudio for stm32 9.3.0/armtools/bin/../lib/gcc/arm-atollic-eabi/6.3.1/armv7e-m/fpu\libgcc.a(_arm_fixdfsi.o)
 .ARM.attributes
                0x00000b30       0x22 c:/program files (x86)/atollic/truestudio for stm32 9.3.0/armtools/bin/../lib/gcc/arm-atollic-eabi/6.3.1/armv7e-m/fpu\libgcc.a(_arm_fixunsdfsi.o)
 .ARM.attributes
                0x00000b52       0x22 c:/program files (x86)/atollic/truestudio for stm32 9.3.0/armtools/bin/../lib/gcc/arm-atollic-eabi/6.3.1/armv7e-m/fpu\libgcc.a(_arm_truncdfsf2.o)
 .ARM.attributes
                0x00000b74       0x22 c:/program files (x86)/atollic/truestudio for stm32 9.3.0/armtools/bin/../lib/gcc/arm-atollic-eabi/6.3.1/armv7e-m/fpu\libgcc.a(_aeabi_uldivmod.o)
 .ARM.attributes
                0x00000b96       0x34 c:/program files (x86)/atollic/truestudio for stm32 9.3.0/armtools/bin/../lib/gcc/arm-atollic-eabi/6.3.1/armv7e-m/fpu\libgcc.a(_udivmoddi4.o)
 .ARM.attributes
                0x00000bca       0x22 c:/program files (x86)/atollic/truestudio for stm32 9.3.0/armtools/bin/../lib/gcc/arm-atollic-eabi/6.3.1/armv7e-m/fpu\libgcc.a(_dvmd_tls.o)
 .ARM.attributes
                0x00000bec       0x22 c:/program files (x86)/atollic/truestudio for stm32 9.3.0/armtools/bin/../lib/gcc/arm-atollic-eabi/6.3.1/armv7e-m/fpu/crtn.o
OUTPUT(SolarF407.elf elf32-littlearm)

.debug_info     0x00000000    0x156bf
 .debug_info    0x00000000      0x9ef Drivers\STM32F4xx_HAL_Driver\Src\stm32f4xx_hal.o
 .debug_info    0x000009ef      0xdb1 Drivers\STM32F4xx_HAL_Driver\Src\stm32f4xx_hal_adc.o
 .debug_info    0x000017a0      0xf39 Drivers\STM32F4xx_HAL_Driver\Src\stm32f4xx_hal_cortex.o
 .debug_info    0x000026d9      0xa4c Drivers\STM32F4xx_HAL_Driver\Src\stm32f4xx_hal_dma.o
 .debug_info    0x00003125      0x775 Drivers\STM32F4xx_HAL_Driver\Src\stm32f4xx_hal_gpio.o
 .debug_info    0x0000389a      0xa57 Drivers\STM32F4xx_HAL_Driver\Src\stm32f4xx_hal_rcc.o
 .debug_info    0x000042f1     0x34cf Drivers\STM32F4xx_HAL_Driver\Src\stm32f4xx_hal_tim.o
 .debug_info    0x000077c0     0x12fe Drivers\STM32F4xx_HAL_Driver\Src\stm32f4xx_hal_tim_ex.o
 .debug_info    0x00008abe     0x16c9 Drivers\STM32F4xx_HAL_Driver\Src\stm32f4xx_hal_uart.o
 .debug_info    0x0000a187      0xa14 Drivers\STM32F4xx_HAL_Driver\Src\stm32f4xx_ll_gpio.o
 .debug_info    0x0000ab9b      0x906 Drivers\STM32F4xx_HAL_Driver\Src\stm32f4xx_ll_spi.o
 .debug_info    0x0000b4a1      0xad6 Src\Quaternion.o
 .debug_info    0x0000bf77      0xbfe Src\adc.o
 .debug_info    0x0000cb75      0x578 Src\dma.o
 .debug_info    0x0000d0ed      0x6fe Src\gpio.o
 .debug_info    0x0000d7eb     0x2fb1 Src\main.o
 .debug_info    0x0001079c      0x6b3 Src\spi.o
 .debug_info    0x00010e4f      0x327 Src\stm32f4xx_hal_msp.o
 .debug_info    0x00011176      0x9e9 Src\stm32f4xx_it.o
 .debug_info    0x00011b5f      0xfe1 Src\syscalls.o
 .debug_info    0x00012b40      0x50a Src\system_stm32f4xx.o
 .debug_info    0x0001304a     0x19bf Src\tim.o
 .debug_info    0x00014a09      0xc48 Src\usart.o
 .debug_info    0x00015651       0x6e startup\startup_stm32f407xx.o

.debug_abbrev   0x00000000     0x36d4
 .debug_abbrev  0x00000000      0x23d Drivers\STM32F4xx_HAL_Driver\Src\stm32f4xx_hal.o
 .debug_abbrev  0x0000023d      0x2bf Drivers\STM32F4xx_HAL_Driver\Src\stm32f4xx_hal_adc.o
 .debug_abbrev  0x000004fc      0x314 Drivers\STM32F4xx_HAL_Driver\Src\stm32f4xx_hal_cortex.o
 .debug_abbrev  0x00000810      0x2e8 Drivers\STM32F4xx_HAL_Driver\Src\stm32f4xx_hal_dma.o
 .debug_abbrev  0x00000af8      0x1ef Drivers\STM32F4xx_HAL_Driver\Src\stm32f4xx_hal_gpio.o
 .debug_abbrev  0x00000ce7      0x2cb Drivers\STM32F4xx_HAL_Driver\Src\stm32f4xx_hal_rcc.o
 .debug_abbrev  0x00000fb2      0x324 Drivers\STM32F4xx_HAL_Driver\Src\stm32f4xx_hal_tim.o
 .debug_abbrev  0x000012d6      0x29c Drivers\STM32F4xx_HAL_Driver\Src\stm32f4xx_hal_tim_ex.o
 .debug_abbrev  0x00001572      0x2fb Drivers\STM32F4xx_HAL_Driver\Src\stm32f4xx_hal_uart.o
 .debug_abbrev  0x0000186d      0x279 Drivers\STM32F4xx_HAL_Driver\Src\stm32f4xx_ll_gpio.o
 .debug_abbrev  0x00001ae6      0x2da Drivers\STM32F4xx_HAL_Driver\Src\stm32f4xx_ll_spi.o
 .debug_abbrev  0x00001dc0      0x244 Src\Quaternion.o
 .debug_abbrev  0x00002004      0x1fd Src\adc.o
 .debug_abbrev  0x00002201      0x148 Src\dma.o
 .debug_abbrev  0x00002349      0x1cd Src\gpio.o
 .debug_abbrev  0x00002516      0x4bd Src\main.o
 .debug_abbrev  0x000029d3      0x1ce Src\spi.o
 .debug_abbrev  0x00002ba1       0xfb Src\stm32f4xx_hal_msp.o
 .debug_abbrev  0x00002c9c      0x1de Src\stm32f4xx_it.o
 .debug_abbrev  0x00002e7a      0x2d9 Src\syscalls.o
 .debug_abbrev  0x00003153      0x10e Src\system_stm32f4xx.o
 .debug_abbrev  0x00003261      0x25e Src\tim.o
 .debug_abbrev  0x000034bf      0x203 Src\usart.o
 .debug_abbrev  0x000036c2       0x12 startup\startup_stm32f407xx.o

.debug_loc      0x00000000     0x893c
 .debug_loc     0x00000000      0x11b Drivers\STM32F4xx_HAL_Driver\Src\stm32f4xx_hal.o
 .debug_loc     0x0000011b      0x7aa Drivers\STM32F4xx_HAL_Driver\Src\stm32f4xx_hal_adc.o
 .debug_loc     0x000008c5      0x4fb Drivers\STM32F4xx_HAL_Driver\Src\stm32f4xx_hal_cortex.o
 .debug_loc     0x00000dc0      0x727 Drivers\STM32F4xx_HAL_Driver\Src\stm32f4xx_hal_dma.o
 .debug_loc     0x000014e7      0x36d Drivers\STM32F4xx_HAL_Driver\Src\stm32f4xx_hal_gpio.o
 .debug_loc     0x00001854      0x336 Drivers\STM32F4xx_HAL_Driver\Src\stm32f4xx_hal_rcc.o
 .debug_loc     0x00001b8a     0x3009 Drivers\STM32F4xx_HAL_Driver\Src\stm32f4xx_hal_tim.o
 .debug_loc     0x00004b93      0xa7c Drivers\STM32F4xx_HAL_Driver\Src\stm32f4xx_hal_tim_ex.o
 .debug_loc     0x0000560f     0x1335 Drivers\STM32F4xx_HAL_Driver\Src\stm32f4xx_hal_uart.o
 .debug_loc     0x00006944      0x48f Drivers\STM32F4xx_HAL_Driver\Src\stm32f4xx_ll_gpio.o
 .debug_loc     0x00006dd3      0x40e Drivers\STM32F4xx_HAL_Driver\Src\stm32f4xx_ll_spi.o
 .debug_loc     0x000071e1      0x100 Src\Quaternion.o
 .debug_loc     0x000072e1       0x63 Src\adc.o
 .debug_loc     0x00007344      0x132 Src\gpio.o
 .debug_loc     0x00007476      0xd83 Src\main.o
 .debug_loc     0x000081f9       0x56 Src\spi.o
 .debug_loc     0x0000824f      0x3ef Src\syscalls.o
 .debug_loc     0x0000863e      0x11c Src\system_stm32f4xx.o
 .debug_loc     0x0000875a      0x18a Src\tim.o
 .debug_loc     0x000088e4       0x58 Src\usart.o

.debug_aranges  0x00000000      0xcf0
 .debug_aranges
                0x00000000       0xe8 Drivers\STM32F4xx_HAL_Driver\Src\stm32f4xx_hal.o
 .debug_aranges
                0x000000e8       0xb8 Drivers\STM32F4xx_HAL_Driver\Src\stm32f4xx_hal_adc.o
 .debug_aranges
                0x000001a0       0xa8 Drivers\STM32F4xx_HAL_Driver\Src\stm32f4xx_hal_cortex.o
 .debug_aranges
                0x00000248       0x80 Drivers\STM32F4xx_HAL_Driver\Src\stm32f4xx_hal_dma.o
 .debug_aranges
                0x000002c8       0x58 Drivers\STM32F4xx_HAL_Driver\Src\stm32f4xx_hal_gpio.o
 .debug_aranges
                0x00000320       0x88 Drivers\STM32F4xx_HAL_Driver\Src\stm32f4xx_hal_rcc.o
 .debug_aranges
                0x000003a8      0x278 Drivers\STM32F4xx_HAL_Driver\Src\stm32f4xx_hal_tim.o
 .debug_aranges
                0x00000620       0xf8 Drivers\STM32F4xx_HAL_Driver\Src\stm32f4xx_hal_tim_ex.o
 .debug_aranges
                0x00000718      0x170 Drivers\STM32F4xx_HAL_Driver\Src\stm32f4xx_hal_uart.o
 .debug_aranges
                0x00000888       0x40 Drivers\STM32F4xx_HAL_Driver\Src\stm32f4xx_ll_gpio.o
 .debug_aranges
                0x000008c8       0x58 Drivers\STM32F4xx_HAL_Driver\Src\stm32f4xx_ll_spi.o
 .debug_aranges
                0x00000920       0x28 Src\Quaternion.o
 .debug_aranges
                0x00000948       0x30 Src\adc.o
 .debug_aranges
                0x00000978       0x20 Src\dma.o
 .debug_aranges
                0x00000998       0x28 Src\gpio.o
 .debug_aranges
                0x000009c0       0xa0 Src\main.o
 .debug_aranges
                0x00000a60       0x20 Src\spi.o
 .debug_aranges
                0x00000a80       0x20 Src\stm32f4xx_hal_msp.o
 .debug_aranges
                0x00000aa0       0x80 Src\stm32f4xx_it.o
 .debug_aranges
                0x00000b20       0xb0 Src\syscalls.o
 .debug_aranges
                0x00000bd0       0x28 Src\system_stm32f4xx.o
 .debug_aranges
                0x00000bf8       0xa0 Src\tim.o
 .debug_aranges
                0x00000c98       0x30 Src\usart.o
 .debug_aranges
                0x00000cc8       0x28 startup\startup_stm32f407xx.o

.debug_ranges   0x00000000     0x10a8
 .debug_ranges  0x00000000       0xd8 Drivers\STM32F4xx_HAL_Driver\Src\stm32f4xx_hal.o
 .debug_ranges  0x000000d8       0xc8 Drivers\STM32F4xx_HAL_Driver\Src\stm32f4xx_hal_adc.o
 .debug_ranges  0x000001a0      0x128 Drivers\STM32F4xx_HAL_Driver\Src\stm32f4xx_hal_cortex.o
 .debug_ranges  0x000002c8       0xc8 Drivers\STM32F4xx_HAL_Driver\Src\stm32f4xx_hal_dma.o
 .debug_ranges  0x00000390       0x68 Drivers\STM32F4xx_HAL_Driver\Src\stm32f4xx_hal_gpio.o
 .debug_ranges  0x000003f8       0xb0 Drivers\STM32F4xx_HAL_Driver\Src\stm32f4xx_hal_rcc.o
 .debug_ranges  0x000004a8      0x340 Drivers\STM32F4xx_HAL_Driver\Src\stm32f4xx_hal_tim.o
 .debug_ranges  0x000007e8       0xe8 Drivers\STM32F4xx_HAL_Driver\Src\stm32f4xx_hal_tim_ex.o
 .debug_ranges  0x000008d0      0x178 Drivers\STM32F4xx_HAL_Driver\Src\stm32f4xx_hal_uart.o
 .debug_ranges  0x00000a48       0x78 Drivers\STM32F4xx_HAL_Driver\Src\stm32f4xx_ll_gpio.o
 .debug_ranges  0x00000ac0       0xb8 Drivers\STM32F4xx_HAL_Driver\Src\stm32f4xx_ll_spi.o
 .debug_ranges  0x00000b78       0x18 Src\Quaternion.o
 .debug_ranges  0x00000b90       0x38 Src\adc.o
 .debug_ranges  0x00000bc8       0x28 Src\dma.o
 .debug_ranges  0x00000bf0       0xb0 Src\gpio.o
 .debug_ranges  0x00000ca0      0x130 Src\main.o
 .debug_ranges  0x00000dd0       0x28 Src\spi.o
 .debug_ranges  0x00000df8       0x10 Src\stm32f4xx_hal_msp.o
 .debug_ranges  0x00000e08       0x70 Src\stm32f4xx_it.o
 .debug_ranges  0x00000e78       0xa0 Src\syscalls.o
 .debug_ranges  0x00000f18       0x18 Src\system_stm32f4xx.o
 .debug_ranges  0x00000f30      0x120 Src\tim.o
 .debug_ranges  0x00001050       0x38 Src\usart.o
 .debug_ranges  0x00001088       0x20 startup\startup_stm32f407xx.o

.debug_line     0x00000000     0x70dd
 .debug_line    0x00000000      0x41b Drivers\STM32F4xx_HAL_Driver\Src\stm32f4xx_hal.o
 .debug_line    0x0000041b      0x71c Drivers\STM32F4xx_HAL_Driver\Src\stm32f4xx_hal_adc.o
 .debug_line    0x00000b37      0x456 Drivers\STM32F4xx_HAL_Driver\Src\stm32f4xx_hal_cortex.o
 .debug_line    0x00000f8d      0x56f Drivers\STM32F4xx_HAL_Driver\Src\stm32f4xx_hal_dma.o
 .debug_line    0x000014fc      0x3e4 Drivers\STM32F4xx_HAL_Driver\Src\stm32f4xx_hal_gpio.o
 .debug_line    0x000018e0      0x4f4 Drivers\STM32F4xx_HAL_Driver\Src\stm32f4xx_hal_rcc.o
 .debug_line    0x00001dd4     0x1183 Drivers\STM32F4xx_HAL_Driver\Src\stm32f4xx_hal_tim.o
 .debug_line    0x00002f57      0x67d Drivers\STM32F4xx_HAL_Driver\Src\stm32f4xx_hal_tim_ex.o
 .debug_line    0x000035d4      0xb76 Drivers\STM32F4xx_HAL_Driver\Src\stm32f4xx_hal_uart.o
 .debug_line    0x0000414a      0x39c Drivers\STM32F4xx_HAL_Driver\Src\stm32f4xx_ll_gpio.o
 .debug_line    0x000044e6      0x398 Drivers\STM32F4xx_HAL_Driver\Src\stm32f4xx_ll_spi.o
 .debug_line    0x0000487e      0x323 Src\Quaternion.o
 .debug_line    0x00004ba1      0x2f6 Src\adc.o
 .debug_line    0x00004e97      0x1f6 Src\dma.o
 .debug_line    0x0000508d      0x27a Src\gpio.o
 .debug_line    0x00005307      0x847 Src\main.o
 .debug_line    0x00005b4e      0x268 Src\spi.o
 .debug_line    0x00005db6      0x1e8 Src\stm32f4xx_hal_msp.o
 .debug_line    0x00005f9e      0x318 Src\stm32f4xx_it.o
 .debug_line    0x000062b6      0x3bb Src\syscalls.o
 .debug_line    0x00006671      0x1de Src\system_stm32f4xx.o
 .debug_line    0x0000684f      0x55a Src\tim.o
 .debug_line    0x00006da9      0x2b5 Src\usart.o
 .debug_line    0x0000705e       0x7f startup\startup_stm32f407xx.o

.debug_str      0x00000000     0x4b6c
 .debug_str     0x00000000      0xb3d Drivers\STM32F4xx_HAL_Driver\Src\stm32f4xx_hal.o
                                0xbab (size before relaxing)
 .debug_str     0x00000b3d      0x6c8 Drivers\STM32F4xx_HAL_Driver\Src\stm32f4xx_hal_adc.o
                                0x99f (size before relaxing)
 .debug_str     0x00001205      0x4a1 Drivers\STM32F4xx_HAL_Driver\Src\stm32f4xx_hal_cortex.o
                                0xc76 (size before relaxing)
 .debug_str     0x000016a6      0x2ef Drivers\STM32F4xx_HAL_Driver\Src\stm32f4xx_hal_dma.o
                                0x7c2 (size before relaxing)
 .debug_str     0x00001995      0x1b7 Drivers\STM32F4xx_HAL_Driver\Src\stm32f4xx_hal_gpio.o
                                0x53c (size before relaxing)
 .debug_str     0x00001b4c      0x2e9 Drivers\STM32F4xx_HAL_Driver\Src\stm32f4xx_hal_rcc.o
                                0x70f (size before relaxing)
 .debug_str     0x00001e35      0xfd9 Drivers\STM32F4xx_HAL_Driver\Src\stm32f4xx_hal_tim.o
                               0x1519 (size before relaxing)
 .debug_str     0x00002e0e      0x548 Drivers\STM32F4xx_HAL_Driver\Src\stm32f4xx_hal_tim_ex.o
                                0xd31 (size before relaxing)
 .debug_str     0x00003356      0x6cc Drivers\STM32F4xx_HAL_Driver\Src\stm32f4xx_hal_uart.o
                                0xc64 (size before relaxing)
 .debug_str     0x00003a22      0x168 Drivers\STM32F4xx_HAL_Driver\Src\stm32f4xx_ll_gpio.o
                                0x4e5 (size before relaxing)
 .debug_str     0x00003b8a      0x296 Drivers\STM32F4xx_HAL_Driver\Src\stm32f4xx_ll_spi.o
                                0x5fb (size before relaxing)
 .debug_str     0x00003e20      0x4a4 Src\Quaternion.o
                                0x6ff (size before relaxing)
 .debug_str     0x000042c4       0x49 Src\adc.o
                                0x883 (size before relaxing)
 .debug_str     0x0000430d       0x19 Src\dma.o
                                0x83e (size before relaxing)
 .debug_str     0x00004326       0x4b Src\gpio.o
                                0x3ff (size before relaxing)
 .debug_str     0x00004371      0x375 Src\main.o
                               0x15e5 (size before relaxing)
 .debug_str     0x000046e6       0x39 Src\spi.o
                                0x4cd (size before relaxing)
 .debug_str     0x0000471f       0x1b Src\stm32f4xx_hal_msp.o
                                0x336 (size before relaxing)
 .debug_str     0x0000473a      0x123 Src\stm32f4xx_it.o
                                0x987 (size before relaxing)
 .debug_str     0x0000485d      0x235 Src\syscalls.o
                                0x870 (size before relaxing)
 .debug_str     0x00004a92       0x45 Src\system_stm32f4xx.o
                                0x3a0 (size before relaxing)
 .debug_str     0x00004ad7       0x7b Src\tim.o
                               0x1105 (size before relaxing)
 .debug_str     0x00004b52       0x1a Src\usart.o
                                0xd71 (size before relaxing)

.comment        0x00000000       0x7c
 .comment       0x00000000       0x7c Drivers\STM32F4xx_HAL_Driver\Src\stm32f4xx_hal.o
                                 0x7d (size before relaxing)
 .comment       0x0000007c       0x7d Drivers\STM32F4xx_HAL_Driver\Src\stm32f4xx_hal_adc.o
 .comment       0x0000007c       0x7d Drivers\STM32F4xx_HAL_Driver\Src\stm32f4xx_hal_cortex.o
 .comment       0x0000007c       0x7d Drivers\STM32F4xx_HAL_Driver\Src\stm32f4xx_hal_dma.o
 .comment       0x0000007c       0x7d Drivers\STM32F4xx_HAL_Driver\Src\stm32f4xx_hal_gpio.o
 .comment       0x0000007c       0x7d Drivers\STM32F4xx_HAL_Driver\Src\stm32f4xx_hal_rcc.o
 .comment       0x0000007c       0x7d Drivers\STM32F4xx_HAL_Driver\Src\stm32f4xx_hal_tim.o
 .comment       0x0000007c       0x7d Drivers\STM32F4xx_HAL_Driver\Src\stm32f4xx_hal_tim_ex.o
 .comment       0x0000007c       0x7d Drivers\STM32F4xx_HAL_Driver\Src\stm32f4xx_hal_uart.o
 .comment       0x0000007c       0x7d Drivers\STM32F4xx_HAL_Driver\Src\stm32f4xx_ll_gpio.o
 .comment       0x0000007c       0x7d Drivers\STM32F4xx_HAL_Driver\Src\stm32f4xx_ll_spi.o
 .comment       0x0000007c       0x7d Src\Quaternion.o
 .comment       0x0000007c       0x7d Src\adc.o
 .comment       0x0000007c       0x7d Src\dma.o
 .comment       0x0000007c       0x7d Src\gpio.o
 .comment       0x0000007c       0x7d Src\main.o
 .comment       0x0000007c       0x7d Src\spi.o
 .comment       0x0000007c       0x7d Src\stm32f4xx_hal_msp.o
 .comment       0x0000007c       0x7d Src\stm32f4xx_it.o
 .comment       0x0000007c       0x7d Src\syscalls.o
 .comment       0x0000007c       0x7d Src\system_stm32f4xx.o
 .comment       0x0000007c       0x7d Src\tim.o
 .comment       0x0000007c       0x7d Src\usart.o

.debug_frame    0x00000000     0x2cf8
 .debug_frame   0x00000000      0x1f0 Drivers\STM32F4xx_HAL_Driver\Src\stm32f4xx_hal.o
 .debug_frame   0x000001f0      0x248 Drivers\STM32F4xx_HAL_Driver\Src\stm32f4xx_hal_adc.o
 .debug_frame   0x00000438      0x158 Drivers\STM32F4xx_HAL_Driver\Src\stm32f4xx_hal_cortex.o
 .debug_frame   0x00000590      0x150 Drivers\STM32F4xx_HAL_Driver\Src\stm32f4xx_hal_dma.o
 .debug_frame   0x000006e0       0xd8 Drivers\STM32F4xx_HAL_Driver\Src\stm32f4xx_hal_gpio.o
 .debug_frame   0x000007b8      0x13c Drivers\STM32F4xx_HAL_Driver\Src\stm32f4xx_hal_rcc.o
 .debug_frame   0x000008f4      0x928 Drivers\STM32F4xx_HAL_Driver\Src\stm32f4xx_hal_tim.o
 .debug_frame   0x0000121c      0x360 Drivers\STM32F4xx_HAL_Driver\Src\stm32f4xx_hal_tim_ex.o
 .debug_frame   0x0000157c      0x4a0 Drivers\STM32F4xx_HAL_Driver\Src\stm32f4xx_hal_uart.o
 .debug_frame   0x00001a1c       0x7c Drivers\STM32F4xx_HAL_Driver\Src\stm32f4xx_ll_gpio.o
 .debug_frame   0x00001a98       0xb8 Drivers\STM32F4xx_HAL_Driver\Src\stm32f4xx_ll_spi.o
 .debug_frame   0x00001b50       0x60 Src\Quaternion.o
 .debug_frame   0x00001bb0       0x74 Src\adc.o
 .debug_frame   0x00001c24       0x28 Src\dma.o
 .debug_frame   0x00001c4c       0x54 Src\gpio.o
 .debug_frame   0x00001ca0      0x1a8 Src\main.o
 .debug_frame   0x00001e48       0x30 Src\spi.o
 .debug_frame   0x00001e78       0x28 Src\stm32f4xx_hal_msp.o
 .debug_frame   0x00001ea0      0x110 Src\stm32f4xx_it.o
 .debug_frame   0x00001fb0      0x1a8 Src\syscalls.o
 .debug_frame   0x00002158       0x38 Src\system_stm32f4xx.o
 .debug_frame   0x00002190      0x1fc Src\tim.o
 .debug_frame   0x0000238c       0x70 Src\usart.o
 .debug_frame   0x000023fc       0x20 c:/program files (x86)/atollic/truestudio for stm32 9.3.0/armtools/bin/../lib/gcc/arm-atollic-eabi/6.3.1/../../../../arm-atollic-eabi/lib/armv7e-m/fpu\libc_nano.a(lib_a-errno.o)
 .debug_frame   0x0000241c       0x2c c:/program files (x86)/atollic/truestudio for stm32 9.3.0/armtools/bin/../lib/gcc/arm-atollic-eabi/6.3.1/../../../../arm-atollic-eabi/lib/armv7e-m/fpu\libc_nano.a(lib_a-init.o)
 .debug_frame   0x00002448       0x20 c:/program files (x86)/atollic/truestudio for stm32 9.3.0/armtools/bin/../lib/gcc/arm-atollic-eabi/6.3.1/../../../../arm-atollic-eabi/lib/armv7e-m/fpu\libc_nano.a(lib_a-memset.o)
 .debug_frame   0x00002468       0x74 c:/program files (x86)/atollic/truestudio for stm32 9.3.0/armtools/bin/../lib/gcc/arm-atollic-eabi/6.3.1/../../../../arm-atollic-eabi/lib/armv7e-m/fpu\libc_nano.a(lib_a-printf.o)
 .debug_frame   0x000024dc      0x11c c:/program files (x86)/atollic/truestudio for stm32 9.3.0/armtools/bin/../lib/gcc/arm-atollic-eabi/6.3.1/../../../../arm-atollic-eabi/lib/armv7e-m/fpu\libc_nano.a(lib_a-findfp.o)
 .debug_frame   0x000025f8       0x54 c:/program files (x86)/atollic/truestudio for stm32 9.3.0/armtools/bin/../lib/gcc/arm-atollic-eabi/6.3.1/../../../../arm-atollic-eabi/lib/armv7e-m/fpu\libc_nano.a(lib_a-fwalk.o)
 .debug_frame   0x0000264c       0x2c c:/program files (x86)/atollic/truestudio for stm32 9.3.0/armtools/bin/../lib/gcc/arm-atollic-eabi/6.3.1/../../../../arm-atollic-eabi/lib/armv7e-m/fpu\libc_nano.a(lib_a-nano-mallocr.o)
 .debug_frame   0x00002678       0xac c:/program files (x86)/atollic/truestudio for stm32 9.3.0/armtools/bin/../lib/gcc/arm-atollic-eabi/6.3.1/../../../../arm-atollic-eabi/lib/armv7e-m/fpu\libc_nano.a(lib_a-nano-vfprintf.o)
 .debug_frame   0x00002724       0x60 c:/program files (x86)/atollic/truestudio for stm32 9.3.0/armtools/bin/../lib/gcc/arm-atollic-eabi/6.3.1/../../../../arm-atollic-eabi/lib/armv7e-m/fpu\libc_nano.a(lib_a-nano-vfprintf_i.o)
 .debug_frame   0x00002784       0x2c c:/program files (x86)/atollic/truestudio for stm32 9.3.0/armtools/bin/../lib/gcc/arm-atollic-eabi/6.3.1/../../../../arm-atollic-eabi/lib/armv7e-m/fpu\libc_nano.a(lib_a-sbrkr.o)
 .debug_frame   0x000027b0       0x88 c:/program files (x86)/atollic/truestudio for stm32 9.3.0/armtools/bin/../lib/gcc/arm-atollic-eabi/6.3.1/../../../../arm-atollic-eabi/lib/armv7e-m/fpu\libc_nano.a(lib_a-stdio.o)
 .debug_frame   0x00002838       0x40 c:/program files (x86)/atollic/truestudio for stm32 9.3.0/armtools/bin/../lib/gcc/arm-atollic-eabi/6.3.1/../../../../arm-atollic-eabi/lib/armv7e-m/fpu\libc_nano.a(lib_a-wbuf.o)
 .debug_frame   0x00002878       0x2c c:/program files (x86)/atollic/truestudio for stm32 9.3.0/armtools/bin/../lib/gcc/arm-atollic-eabi/6.3.1/../../../../arm-atollic-eabi/lib/armv7e-m/fpu\libc_nano.a(lib_a-writer.o)
 .debug_frame   0x000028a4       0x2c c:/program files (x86)/atollic/truestudio for stm32 9.3.0/armtools/bin/../lib/gcc/arm-atollic-eabi/6.3.1/../../../../arm-atollic-eabi/lib/armv7e-m/fpu\libc_nano.a(lib_a-wsetup.o)
 .debug_frame   0x000028d0       0x2c c:/program files (x86)/atollic/truestudio for stm32 9.3.0/armtools/bin/../lib/gcc/arm-atollic-eabi/6.3.1/../../../../arm-atollic-eabi/lib/armv7e-m/fpu\libc_nano.a(lib_a-closer.o)
 .debug_frame   0x000028fc       0x68 c:/program files (x86)/atollic/truestudio for stm32 9.3.0/armtools/bin/../lib/gcc/arm-atollic-eabi/6.3.1/../../../../arm-atollic-eabi/lib/armv7e-m/fpu\libc_nano.a(lib_a-fflush.o)
 .debug_frame   0x00002964       0x2c c:/program files (x86)/atollic/truestudio for stm32 9.3.0/armtools/bin/../lib/gcc/arm-atollic-eabi/6.3.1/../../../../arm-atollic-eabi/lib/armv7e-m/fpu\libc_nano.a(lib_a-lseekr.o)
 .debug_frame   0x00002990       0x58 c:/program files (x86)/atollic/truestudio for stm32 9.3.0/armtools/bin/../lib/gcc/arm-atollic-eabi/6.3.1/../../../../arm-atollic-eabi/lib/armv7e-m/fpu\libc_nano.a(lib_a-makebuf.o)
 .debug_frame   0x000029e8       0x30 c:/program files (x86)/atollic/truestudio for stm32 9.3.0/armtools/bin/../lib/gcc/arm-atollic-eabi/6.3.1/../../../../arm-atollic-eabi/lib/armv7e-m/fpu\libc_nano.a(lib_a-mlock.o)
 .debug_frame   0x00002a18       0x38 c:/program files (x86)/atollic/truestudio for stm32 9.3.0/armtools/bin/../lib/gcc/arm-atollic-eabi/6.3.1/../../../../arm-atollic-eabi/lib/armv7e-m/fpu\libc_nano.a(lib_a-nano-freer.o)
 .debug_frame   0x00002a50       0x2c c:/program files (x86)/atollic/truestudio for stm32 9.3.0/armtools/bin/../lib/gcc/arm-atollic-eabi/6.3.1/../../../../arm-atollic-eabi/lib/armv7e-m/fpu\libc_nano.a(lib_a-readr.o)
 .debug_frame   0x00002a7c       0x5c c:/program files (x86)/atollic/truestudio for stm32 9.3.0/armtools/bin/../lib/gcc/arm-atollic-eabi/6.3.1/../../../../arm-atollic-eabi/lib/armv7e-m/fpu\libc_nano.a(lib_a-reent.o)
 .debug_frame   0x00002ad8       0x2c c:/program files (x86)/atollic/truestudio for stm32 9.3.0/armtools/bin/../lib/gcc/arm-atollic-eabi/6.3.1/../../../../arm-atollic-eabi/lib/armv7e-m/fpu\libc_nano.a(lib_a-fstatr.o)
 .debug_frame   0x00002b04       0x2c c:/program files (x86)/atollic/truestudio for stm32 9.3.0/armtools/bin/../lib/gcc/arm-atollic-eabi/6.3.1/../../../../arm-atollic-eabi/lib/armv7e-m/fpu\libc_nano.a(lib_a-isattyr.o)
 .debug_frame   0x00002b30       0xac c:/program files (x86)/atollic/truestudio for stm32 9.3.0/armtools/bin/../lib/gcc/arm-atollic-eabi/6.3.1/armv7e-m/fpu\libgcc.a(_arm_addsubdf3.o)
 .debug_frame   0x00002bdc       0x50 c:/program files (x86)/atollic/truestudio for stm32 9.3.0/armtools/bin/../lib/gcc/arm-atollic-eabi/6.3.1/armv7e-m/fpu\libgcc.a(_arm_muldivdf3.o)
 .debug_frame   0x00002c2c       0x24 c:/program files (x86)/atollic/truestudio for stm32 9.3.0/armtools/bin/../lib/gcc/arm-atollic-eabi/6.3.1/armv7e-m/fpu\libgcc.a(_arm_fixdfsi.o)
 .debug_frame   0x00002c50       0x24 c:/program files (x86)/atollic/truestudio for stm32 9.3.0/armtools/bin/../lib/gcc/arm-atollic-eabi/6.3.1/armv7e-m/fpu\libgcc.a(_arm_fixunsdfsi.o)
 .debug_frame   0x00002c74       0x24 c:/program files (x86)/atollic/truestudio for stm32 9.3.0/armtools/bin/../lib/gcc/arm-atollic-eabi/6.3.1/armv7e-m/fpu\libgcc.a(_arm_truncdfsf2.o)
 .debug_frame   0x00002c98       0x2c c:/program files (x86)/atollic/truestudio for stm32 9.3.0/armtools/bin/../lib/gcc/arm-atollic-eabi/6.3.1/armv7e-m/fpu\libgcc.a(_aeabi_uldivmod.o)
 .debug_frame   0x00002cc4       0x34 c:/program files (x86)/atollic/truestudio for stm32 9.3.0/armtools/bin/../lib/gcc/arm-atollic-eabi/6.3.1/armv7e-m/fpu\libgcc.a(_udivmoddi4.o)
