stm32f4xx_ll_bus.h:411:22:LL_AHB1_GRP1_EnableClock	8	static
BNO080.c:77:6:BNO080_GPIO_SPI_Initialization	120	static
BNO080.c:213:15:SPI2_SendByte	0	static
BNO080.c:274:6:BNO080_parseCommandReport	0	static
BNO080.c:310:6:BNO080_parseInputReport	24	static
BNO080.c:456:9:BNO080_getQuatAccuracy	0	static
BNO080.c:480:9:BNO080_getAccelAccuracy	0	static
BNO080.c:506:9:BNO080_getLinAccelAccuracy	0	static
BNO080.c:530:9:BNO080_getGyroAccuracy	0	static
BNO080.c:554:9:BNO080_getMagAccuracy	0	static
BNO080.c:560:10:BNO080_getStepCount	0	static
BNO080.c:566:9:BNO080_getStabilityClassifier	0	static
BNO080.c:572:9:BNO080_getActivityClassifier	0	static
BNO080.c:578:10:BNO080_getTimeStamp	0	static
BNO080.c:763:7:BNO080_qToFloat	16	static
BNO080.c:426:7:BNO080_getQuatI	0	static
BNO080.c:432:7:BNO080_getQuatJ	0	static
BNO080.c:438:7:BNO080_getQuatK	0	static
BNO080.c:444:7:BNO080_getQuatReal	0	static
BNO080.c:450:7:BNO080_getQuatRadianAccuracy	0	static
BNO080.c:462:7:BNO080_getAccelX	0	static
BNO080.c:468:7:BNO080_getAccelY	0	static
BNO080.c:474:7:BNO080_getAccelZ	0	static
BNO080.c:488:7:BNO080_getLinAccelX	0	static
BNO080.c:494:7:BNO080_getLinAccelY	0	static
BNO080.c:500:7:BNO080_getLinAccelZ	0	static
BNO080.c:512:7:BNO080_getGyroX	0	static
BNO080.c:518:7:BNO080_getGyroY	0	static
BNO080.c:524:7:BNO080_getGyroZ	0	static
BNO080.c:536:7:BNO080_getMagX	0	static
BNO080.c:542:7:BNO080_getMagY	0	static
BNO080.c:548:7:BNO080_getMagZ	0	static
BNO080.c:853:5:BNO080_calibrationComplete	0	static
BNO080.c:998:5:BNO080_waitForSPI	0	static
BNO080.c:1016:5:BNO080_receivePacket	32	static
BNO080.c:229:5:BNO080_dataAvailable	8	static
BNO080.c:1071:5:BNO080_sendPacket	16	static
BNO080.c:162:5:BNO080_Initialization	8	static
BNO080.c:646:6:BNO080_frsReadRequest	4	static
BNO080.c:664:5:BNO080_readFRSdata	24	static
BNO080.c:636:10:BNO080_readFRSword	8	static
BNO080.c:585:9:BNO080_getQ1	8	static
BNO080.c:593:9:BNO080_getQ2	8	static
BNO080.c:601:9:BNO080_getQ3	8	static
BNO080.c:608:7:BNO080_getResolution	16	static
BNO080.c:621:7:BNO080_getRange	16	static
BNO080.c:725:6:BNO080_softReset	8	static
BNO080.c:741:9:BNO080_resetReason	16	static
BNO080.c:862:6:BNO080_setFeatureCommand	4	static
BNO080.c:769:6:BNO080_enableRotationVector	0	static
BNO080.c:775:6:BNO080_enableGameRotationVector	0	static
BNO080.c:781:6:BNO080_enableAccelerometer	0	static
BNO080.c:787:6:BNO080_enableLinearAccelerometer	0	static
BNO080.c:793:6:BNO080_enableGyro	0	static
BNO080.c:799:6:BNO080_enableMagnetometer	0	static
BNO080.c:805:6:BNO080_enableStepCounter	0	static
BNO080.c:811:6:BNO080_enableStabilityClassifier	0	static
BNO080.c:889:6:BNO080_sendCommand	4	static
BNO080.c:912:6:BNO080_sendCalibrateCommand	4	static
BNO080.c:817:6:BNO080_calibrateAccelerometer	0	static
BNO080.c:823:6:BNO080_calibrateGyro	0	static
BNO080.c:829:6:BNO080_calibrateMagnetometer	0	static
BNO080.c:835:6:BNO080_calibratePlanarAccelerometer	0	static
BNO080.c:841:6:BNO080_calibrateAll	0	static
BNO080.c:846:6:BNO080_endCalibration	0	static
BNO080.c:953:6:BNO080_requestCalibrationStatus	0	static
BNO080.c:976:6:BNO080_saveCalibration	0	static
