core_cm4.h:2064:26:ITM_SendChar	0	static
main_base.c:66:5:__io_putchar	8	static
main_base.c:70:5:_write	16	static
main_base.c:418:6:SystemClock_Config	96	static
main_base.c:465:10:PositionControl	48	static
main_base.c:483:6:get_IMU_Value	8	static
main_base.c:493:6:normal_set	0	static
main_base.c:499:6:Lrotation_set	0	static
main_base.c:505:6:Rrotation_set	0	static
main_base.c:511:6:back_set	0	static
main_base.c:517:6:Stop	0	static
main_base.c:523:6:Solenoid_init	0	static
main_base.c:533:6:Rstep	0	static
main_base.c:541:6:Lstep	0	static
main_base.c:549:6:Allstep	0	static
main_base.c:120:5:main	48	static
main_base.c:557:6:HAL_TIM_IC_CaptureCallback	8	static
main_base.c:581:6:HAL_TIM_PeriodElapsedCallback	0	static
main_base.c:589:6:HAL_UART_RxCpltCallback	8	static
main_base.c:601:6:Error_Handler	0	static
