main.c:65:5:_write	8	static
main.c:456:6:SystemClock_Config	96	static
main.c:493:10:PositionControl	48	static
main.c:511:6:normal_set	0	static
main.c:517:6:Lrotation_set	0	static
main.c:523:6:Rrotation_set	0	static
main.c:529:6:back_set	0	static
main.c:535:6:Stop	0	static
main.c:541:6:Solenoid_init	0	static
main.c:551:6:Rstep	0	static
main.c:559:6:Lstep	0	static
main.c:567:6:Allstep	0	static
main.c:130:5:main	56	static
main.c:575:6:HAL_TIM_IC_CaptureCallback	8	static
main.c:599:6:HAL_TIM_PeriodElapsedCallback	0	static
main.c:609:6:HAL_UART_RxCpltCallback	56	static
main.c:681:6:Error_Handler	0	static
